69.163.165.89 - - [03/Sep/2009:16:37:31 -0700] "GET /feed/atom.xml HTTP/1.1" 200 82396 "-" "Fever/1.08 (Feed Parser; http://feedafever.com; Allow like Gecko)" 
194.209.112.56 - - [03/Sep/2009:16:37:37 -0700] "GET /i/chu-small.png HTTP/1.1" 304 169 "-" "Mozilla/4.0 (compatible;)" 
98.200.71.176 - - [03/Sep/2009:16:38:17 -0700] "GET /i/chu-small.png HTTP/1.1" 200 38675 "http://planet.emacsen.org/" "Mozilla/5.0 (Macintosh; U; Intel Mac OS X 10.5; en-US; rv:1.9.0.12) Gecko/2009070609 Firefox/3.0.12" 
98.200.71.176 - - [03/Sep/2009:16:38:17 -0700] "GET /i/myu-small.png HTTP/1.1" 200 106282 "http://planet.emacsen.org/" "Mozilla/5.0 (Macintosh; U; Intel Mac OS X 10.5; en-US; rv:1.9.0.12) Gecko/2009070609 Firefox/3.0.12" 
76.21.12.26 - - [03/Sep/2009:16:38:36 -0700] "GET /i/chu-small.png HTTP/1.1" 200 38675 "http://planet.intertwingly.net/atom.xml" "Mozilla/4.0 (compatible; MSIE 8.0; Windows NT 6.1; WOW64; Trident/4.0; SLCC2; .NET CLR 2.0.50727; .NET CLR 3.5.30729; .NET CLR 3.0.30729; Media Center PC 6.0; InfoPath.3; .NET CLR 4.0.20506)" 
76.21.12.26 - - [03/Sep/2009:16:38:36 -0700] "GET /i/myu-small.png HTTP/1.1" 200 106282 "http://planet.intertwingly.net/atom.xml" "Mozilla/4.0 (compatible; MSIE 8.0; Windows NT 6.1; WOW64; Trident/4.0; SLCC2; .NET CLR 2.0.50727; .NET CLR 3.5.30729; .NET CLR 3.0.30729; Media Center PC 6.0; InfoPath.3; .NET CLR 4.0.20506)" 
94.193.95.252 - - [03/Sep/2009:16:40:37 -0700] "GET /feed/atom.xml HTTP/1.1" 304 114 "-" "RSSOwl/2.0.0.200811231841" 
71.184.83.10 - - [03/Sep/2009:16:40:56 -0700] "GET /i/chu-small.png HTTP/1.1" 200 38675 "http://planet.emacsen.org/" "Mozilla/5.0 (X11; U; Linux x86_64; en-US; rv:1.9.1.2) Gecko/20090803 Ubuntu/9.04 (jaunty) Shiretoko/3.5.2" 
71.184.83.10 - - [03/Sep/2009:16:40:56 -0700] "GET /i/myu-small.png HTTP/1.1" 200 106282 "http://planet.emacsen.org/" "Mozilla/5.0 (X11; U; Linux x86_64; en-US; rv:1.9.1.2) Gecko/20090803 Ubuntu/9.04 (jaunty) Shiretoko/3.5.2" 
62.149.141.94 - - [03/Sep/2009:16:41:21 -0700] "GET /feed/atom.xml HTTP/1.1" 304 114 "http://technomancy.us/feed/atom.xml" "Lilina/1.0-alpha-6; (http://www.algolab.eu/clojure/; http://getlilina.org/; Allow Like Gecko) SimplePie/20081108222226" 
85.247.82.132 - - [03/Sep/2009:16:41:39 -0700] "GET /favicon.ico HTTP/1.0" 200 22623 "-" "Safari5531.9 CFNetwork/438.14 Darwin/9.8.0 (i386) (MacBookPro5%2C1)" 
216.180.250.122 - - [03/Sep/2009:16:41:45 -0700] "GET /feed/atom HTTP/1.0" 200 16240 "-" "Regator" 
216.180.250.122 - - [03/Sep/2009:16:41:45 -0700] "GET /feed/atom HTTP/1.1" 200 82463 "-" "Regator" 
96.11.231.210 - - [03/Sep/2009:16:42:27 -0700] "GET /favicon.ico HTTP/1.0" 200 22623 "-" "Safari5525.20.1 CFNetwork/422.11 Darwin/9.5.0 (i386) (Latitude%20D600%20)" 
76.166.213.108 - - [03/Sep/2009:16:42:42 -0700] "GET /favicon.ico HTTP/1.0" 200 22623 "-" "Safari5531.9 CFNetwork/438.14 Darwin/9.8.0 (i386) (iMac9%2C1)" 
77.24.32.163 - - [03/Sep/2009:16:43:18 -0700] "GET /feed/atom.xml HTTP/1.1" 304 170 "-" "NetNewsWire/3.2b24 (Mac OS X; http://www.newsgator.com/Individuals/NetNewsWire/)" 
220.233.86.183 - - [03/Sep/2009:16:43:40 -0700] "GET /favicon.ico HTTP/1.0" 200 22623 "-" "Safari5530.19 CFNetwork/438.12 Darwin/9.7.0 (i386) (MacBookPro5%2C1)" 
76.21.12.26 - - [03/Sep/2009:16:44:31 -0700] "GET /i/myu-small.png HTTP/1.1" 304 170 "http://planet.intertwingly.net/atom.xml" "Mozilla/4.0 (compatible; MSIE 8.0; Windows NT 6.1; WOW64; Trident/4.0; SLCC2; .NET CLR 2.0.50727; .NET CLR 3.5.30729; .NET CLR 3.0.30729; Media Center PC 6.0; InfoPath.3; .NET CLR 4.0.20506)" 
76.21.12.26 - - [03/Sep/2009:16:44:31 -0700] "GET /i/chu-small.png HTTP/1.1" 304 169 "http://planet.intertwingly.net/atom.xml" "Mozilla/4.0 (compatible; MSIE 8.0; Windows NT 6.1; WOW64; Trident/4.0; SLCC2; .NET CLR 2.0.50727; .NET CLR 3.5.30729; .NET CLR 3.0.30729; Media Center PC 6.0; InfoPath.3; .NET CLR 4.0.20506)" 
24.241.224.126 - - [03/Sep/2009:16:44:47 -0700] "GET /i/chu-small.png HTTP/1.1" 200 38675 "http://planet.emacsen.org/" "Mozilla/5.0 (X11; U; Linux x86_64; en-US; rv:1.9.1.2) Gecko/20090803 Ubuntu/9.04 (jaunty) Shiretoko/3.5.2" 
24.241.224.126 - - [03/Sep/2009:16:44:47 -0700] "GET /i/myu-small.png HTTP/1.1" 200 106282 "http://planet.emacsen.org/" "Mozilla/5.0 (X11; U; Linux x86_64; en-US; rv:1.9.1.2) Gecko/20090803 Ubuntu/9.04 (jaunty) Shiretoko/3.5.2" 
194.8.75.163 - - [03/Sep/2009:16:44:56 -0700] "GET /110 HTTP/1.0" 200 9906 "http://technomancy.us/110" "Mozilla/6.0 (compatible; MSIE 7.0a1; Windows NT 5.2; SV1)" 
194.8.75.163 - - [03/Sep/2009:16:44:57 -0700] "POST /comment.cgi HTTP/1.0" 301 14071 "http://technomancy.us/110" "Mozilla/6.0 (compatible; MSIE 7.0a1; Windows NT 5.2; SV1)" 
206.212.254.2 - - [03/Sep/2009:16:45:13 -0700] "GET /feed/atom HTTP/1.1" 304 187 "-" "Planet Emacsen +http://planet.emacsen.org/ Planet/2.0 +http://www.planetplanet.org UniversalFeedParser/4.1 +http://feedparser.org/" 
194.8.74.220 - - [03/Sep/2009:16:45:36 -0700] "GET /110 HTTP/1.0" 200 9906 "http://technomancy.us/110" "Mozilla/4.0 (compatible; MSIE 5.5; Windows NT 5.0; T312461)" 
194.8.74.220 - - [03/Sep/2009:16:45:37 -0700] "POST /comment.cgi HTTP/1.0" 301 21010 "http://technomancy.us/110" "Mozilla/4.0 (compatible; MSIE 5.5; Windows NT 5.0; T312461)" 
64.22.124.85 - - [03/Sep/2009:16:46:13 -0700] "GET /feed/atom HTTP/1.0" 200 82482 "-" "Fever/1.08 (Feed Parser; http://feedafever.com; Allow like Gecko)" 
38.113.234.180 - - [03/Sep/2009:16:46:45 -0700] "GET /blog/rss HTTP/1.1" 404 493 "-" "voyager/1.0" 
72.34.249.219 - - [03/Sep/2009:16:47:05 -0700] "GET /feed/atom HTTP/1.1" 200 82463 "-" "Mozilla/5.0 (Windows; U; Windows NT 5.1; en-US; rv:1.8.1.3) Gecko/20070309 Firefox/2.0.0.5" 
72.130.72.242 - - [03/Sep/2009:16:47:06 -0700] "GET /feed/atom.xml HTTP/1.1" 304 114 "-" "NetNewsWire/3.2b24 (Mac OS X; http://www.newsgator.com/Individuals/NetNewsWire/)" 
84.73.125.92 - - [03/Sep/2009:16:47:09 -0700] "GET /i/chu-small.png HTTP/1.1" 200 38675 "-" "Mozilla/5.0 (X11; U; Linux x86_64; en-US; rv:1.9.1.2) Gecko/20090826 Gentoo Firefox/3.5.2" 
84.73.125.92 - - [03/Sep/2009:16:47:09 -0700] "GET /i/myu-small.png HTTP/1.1" 200 106282 "-" "Mozilla/5.0 (X11; U; Linux x86_64; en-US; rv:1.9.1.2) Gecko/20090826 Gentoo Firefox/3.5.2" 
67.18.89.133 - - [03/Sep/2009:16:47:26 -0700] "GET /blog/rss HTTP/1.1" 404 512 "-" "FeedTools/0.2.29 +http://www.sporkmonger.com/projects/feedtools/" 
64.78.155.100 - - [03/Sep/2009:16:47:31 -0700] "GET /feed/atom.xml HTTP/1.1" 304 133 "-" "NewsGatorOnline/2.0 (http://www.newsgator.com; 44 subscribers)" 
77.24.32.163 - - [03/Sep/2009:16:48:13 -0700] "GET /feed/atom.xml HTTP/1.1" 304 170 "-" "NetNewsWire/3.2b24 (Mac OS X; http://www.newsgator.com/Individuals/NetNewsWire/)" 
65.190.139.141 - - [03/Sep/2009:16:48:21 -0700] "GET /feed/atom HTTP/1.1" 304 168 "-" "Mars" 
213.243.172.237 - - [03/Sep/2009:16:48:48 -0700] "GET /favicon.ico HTTP/1.1" 200 22623 "-" "NetNewsWire/3.2b24 (Mac OS X; http://www.newsgator.com/Individuals/NetNewsWire/)" 
213.243.172.237 - - [03/Sep/2009:16:48:48 -0700] "GET /i/gobby.png HTTP/1.1" 200 11810 "http://technomancy.us/" "Mozilla/5.0 (Macintosh; U; Intel Mac OS X 10_6; en-us) AppleWebKit/531.9 (KHTML, like Gecko) NetNewsWire/3.2b24" 
213.243.172.237 - - [03/Sep/2009:16:48:48 -0700] "GET /i/subway.png HTTP/1.1" 200 3604 "http://technomancy.us/" "Mozilla/5.0 (Macintosh; U; Intel Mac OS X 10_6; en-us) AppleWebKit/531.9 (KHTML, like Gecko) NetNewsWire/3.2b24" 
213.243.172.237 - - [03/Sep/2009:16:48:49 -0700] "GET /favicon.ico HTTP/1.1" 200 22659 "http://technomancy.us/" "Mozilla/5.0 (Macintosh; U; Intel Mac OS X 10_6; en-us) AppleWebKit/531.9 (KHTML, like Gecko) NetNewsWire/3.2b24" 
66.249.67.233 - - [03/Sep/2009:16:49:16 -0700] "GET /60 HTTP/1.1" 200 1656 "-" "Mozilla/5.0 (compatible; Googlebot/2.1; +http://www.google.com/bot.html)" 
213.243.172.237 - - [03/Sep/2009:16:49:16 -0700] "GET /i/ray.gif HTTP/1.1" 200 1994 "http://technomancy.us/" "Mozilla/5.0 (Macintosh; U; Intel Mac OS X 10_6; en-us) AppleWebKit/531.9 (KHTML, like Gecko) NetNewsWire/3.2b24" 
213.243.172.237 - - [03/Sep/2009:16:49:26 -0700] "GET /i/emacs.png HTTP/1.1" 200 19251 "http://technomancy.us/" "Mozilla/5.0 (Macintosh; U; Intel Mac OS X 10_6; en-us) AppleWebKit/531.9 (KHTML, like Gecko) NetNewsWire/3.2b24" 
213.243.172.237 - - [03/Sep/2009:16:49:28 -0700] "GET /i/emacs-peepcode.png HTTP/1.1" 200 3904 "http://technomancy.us/" "Mozilla/5.0 (Macintosh; U; Intel Mac OS X 10_6; en-us) AppleWebKit/531.9 (KHTML, like Gecko) NetNewsWire/3.2b24" 
213.243.172.237 - - [03/Sep/2009:16:49:46 -0700] "GET /i/clojure.gif HTTP/1.1" 200 2447 "http://technomancy.us/" "Mozilla/5.0 (Macintosh; U; Intel Mac OS X 10_6; en-us) AppleWebKit/531.9 (KHTML, like Gecko) NetNewsWire/3.2b24" 
213.243.172.237 - - [03/Sep/2009:16:49:46 -0700] "GET /i/cons.png HTTP/1.1" 200 1797 "http://technomancy.us/" "Mozilla/5.0 (Macintosh; U; Intel Mac OS X 10_6; en-us) AppleWebKit/531.9 (KHTML, like Gecko) NetNewsWire/3.2b24" 
213.243.172.237 - - [03/Sep/2009:16:49:51 -0700] "GET /i/mtns.jpg HTTP/1.1" 200 49627 "http://technomancy.us/" "Mozilla/5.0 (Macintosh; U; Intel Mac OS X 10_6; en-us) AppleWebKit/531.9 (KHTML, like Gecko) NetNewsWire/3.2b24" 
213.243.172.237 - - [03/Sep/2009:16:49:51 -0700] "GET /i/instaweb.png HTTP/1.1" 200 76953 "http://technomancy.us/" "Mozilla/5.0 (Macintosh; U; Intel Mac OS X 10_6; en-us) AppleWebKit/531.9 (KHTML, like Gecko) NetNewsWire/3.2b24" 
213.243.172.237 - - [03/Sep/2009:16:49:51 -0700] "GET /i/moss.jpg HTTP/1.1" 200 98225 "http://technomancy.us/" "Mozilla/5.0 (Macintosh; U; Intel Mac OS X 10_6; en-us) AppleWebKit/531.9 (KHTML, like Gecko) NetNewsWire/3.2b24" 
213.243.172.237 - - [03/Sep/2009:16:49:54 -0700] "GET /i/peepcode-clojure-reduce.png HTTP/1.1" 200 10418 "http://technomancy.us/" "Mozilla/5.0 (Macintosh; U; Intel Mac OS X 10_6; en-us) AppleWebKit/531.9 (KHTML, like Gecko) NetNewsWire/3.2b24" 
213.243.172.237 - - [03/Sep/2009:16:49:54 -0700] "GET /i/peepcode-clojure-title.png HTTP/1.1" 200 11055 "http://technomancy.us/" "Mozilla/5.0 (Macintosh; U; Intel Mac OS X 10_6; en-us) AppleWebKit/531.9 (KHTML, like Gecko) NetNewsWire/3.2b24" 
213.243.172.237 - - [03/Sep/2009:16:50:07 -0700] "GET /i/relax.png HTTP/1.1" 200 45426 "http://technomancy.us/" "Mozilla/5.0 (Macintosh; U; Intel Mac OS X 10_6; en-us) AppleWebKit/531.9 (KHTML, like Gecko) NetNewsWire/3.2b24" 
213.243.172.237 - - [03/Sep/2009:16:51:01 -0700] "GET /126 HTTP/1.1" 200 9831 "-" "Mozilla/5.0 (Macintosh; U; Intel Mac OS X 10_6; en-us) AppleWebKit/531.9 (KHTML, like Gecko) NetNewsWire/3.2b24" 
213.243.172.237 - - [03/Sep/2009:16:51:01 -0700] "GET /style.css HTTP/1.1" 200 2884 "http://technomancy.us/126" "Mozilla/5.0 (Macintosh; U; Intel Mac OS X 10_6; en-us) AppleWebKit/531.9 (KHTML, like Gecko) NetNewsWire/3.2b24" 
213.243.172.237 - - [03/Sep/2009:16:51:01 -0700] "GET /jquery.js HTTP/1.1" 200 56062 "http://technomancy.us/126" "Mozilla/5.0 (Macintosh; U; Intel Mac OS X 10_6; en-us) AppleWebKit/531.9 (KHTML, like Gecko) NetNewsWire/3.2b24" 
213.243.172.237 - - [03/Sep/2009:16:51:04 -0700] "GET /i/technomancy.png HTTP/1.1" 200 16923 "http://technomancy.us/126" "Mozilla/5.0 (Macintosh; U; Intel Mac OS X 10_6; en-us) AppleWebKit/531.9 (KHTML, like Gecko) NetNewsWire/3.2b24" 
213.243.172.237 - - [03/Sep/2009:16:51:07 -0700] "GET /i/chu-small.png HTTP/1.1" 200 38675 "http://technomancy.us/" "Mozilla/5.0 (Macintosh; U; Intel Mac OS X 10_6; en-us) AppleWebKit/531.9 (KHTML, like Gecko) NetNewsWire/3.2b24" 
213.243.172.237 - - [03/Sep/2009:16:51:07 -0700] "GET /i/myu-small.png HTTP/1.1" 200 106282 "http://technomancy.us/" "Mozilla/5.0 (Macintosh; U; Intel Mac OS X 10_6; en-us) AppleWebKit/531.9 (KHTML, like Gecko) NetNewsWire/3.2b24" 
174.36.228.154 - - [03/Sep/2009:16:51:55 -0700] "GET / HTTP/1.1" 304 132 "-" "Mozilla/5.0 (X11; U; Linux i686; en-US; rv:1.2.1; aggregator:Spinn3r (Spinn3r 3.1); http://spinn3r.com/robot) Gecko/20021130" 
209.85.238.76 - - [03/Sep/2009:16:54:20 -0700] "GET /feed/atom.xml HTTP/1.1" 304 170 "-" "Feedfetcher-Google; (+http://www.google.com/feedfetcher.html; 104 subscribers; feed-id=11866297304218009555)" 
64.78.155.100 - - [03/Sep/2009:16:55:00 -0700] "GET /feed/atom HTTP/1.1" 304 187 "-" "NewsGatorOnline/2.0 (http://www.newsgator.com; 27 subscribers)" 
85.247.82.132 - - [03/Sep/2009:16:56:39 -0700] "GET /favicon.ico HTTP/1.0" 200 22623 "-" "Safari5531.9 CFNetwork/438.14 Darwin/9.8.0 (i386) (MacBookPro5%2C1)" 
76.166.213.108 - - [03/Sep/2009:16:57:42 -0700] "GET /favicon.ico HTTP/1.0" 200 22623 "-" "Safari5531.9 CFNetwork/438.14 Darwin/9.8.0 (i386) (iMac9%2C1)" 
96.11.231.210 - - [03/Sep/2009:16:58:00 -0700] "GET /favicon.ico HTTP/1.0" 200 22623 "-" "Safari5525.20.1 CFNetwork/422.11 Darwin/9.5.0 (i386) (Latitude%20D600%20)" 
220.233.86.183 - - [03/Sep/2009:16:58:40 -0700] "GET /favicon.ico HTTP/1.0" 200 22623 "-" "Safari5530.19 CFNetwork/438.12 Darwin/9.7.0 (i386) (MacBookPro5%2C1)" 
71.113.150.133 - - [03/Sep/2009:16:59:51 -0700] "GET /list HTTP/1.1" 200 18587 "-" "Ruby/1.8.6" 
209.97.235.98 - - [03/Sep/2009:17:00:04 -0700] "GET /feed/atom HTTP/1.1" 304 187 "-" "Planet Ruby +http://planetruby.0x42.net/ Planet/2.0 +http://www.planetplanet.org UniversalFeedParser/4.1 +http://feedparser.org/" 
209.85.238.76 - - [03/Sep/2009:17:00:39 -0700] "GET /blog/rss/emacs HTTP/1.1" 404 497 "-" "Feedfetcher-Google; (+http://www.google.com/feedfetcher.html; 1 subscribers; feed-id=985891254611913660)" 
208.97.171.15 - - [03/Sep/2009:17:00:39 -0700] "GET /feed/atom.xml HTTP/1.1" 304 114 "http://technomancy.us/feed/atom.xml" "SimplePie/1.1.2 (Feed Parser; http://simplepie.org; Allow like Gecko) Build/20081109150825" 
208.97.171.15 - - [03/Sep/2009:17:00:39 -0700] "GET /feed/atom.xml HTTP/1.1" 304 114 "http://technomancy.us/feed/atom.xml" "SimplePie/1.1.2 (Feed Parser; http://simplepie.org; Allow like Gecko) Build/20081109150825" 
209.85.238.169 - - [03/Sep/2009:17:02:47 -0700] "GET /feed/atom.xml HTTP/1.1" 200 82452 "-" "Feedfetcher-Google; (+http://www.google.com/feedfetcher.html; 1 subscribers; feed-id=11681256246541093961)" 
77.20.57.186 - - [03/Sep/2009:17:03:19 -0700] "GET /feed/atom HTTP/1.0" 200 82482 "-" "Liferea/1.4.26 (Linux; en_US.UTF-8; http://liferea.sf.net/)" 
222.231.15.180 - - [03/Sep/2009:17:04:26 -0700] "GET /feed/atom HTTP/1.1" 200 82463 "-" "HanRSS/1.1 (http://www.hanrss.com; 3 subscribers)" 
174.37.205.67 - - [03/Sep/2009:17:04:59 -0700] "GET /feed/atom.xml HTTP/1.1" 304 133 "-" "Mozilla/5.0 (X11; U; Linux i686; en-US; rv:1.2.1; aggregator:Spinn3r (Spinn3r 3.1); http://spinn3r.com/robot) Gecko/20021130" 
206.212.254.2 - - [03/Sep/2009:17:05:07 -0700] "GET /feed/atom HTTP/1.1" 304 187 "-" "Planet Emacsen +http://planet.emacsen.org/ Planet/2.0 +http://www.planetplanet.org UniversalFeedParser/4.1 +http://feedparser.org/" 
216.129.123.44 - - [03/Sep/2009:17:05:17 -0700] "GET /i/chu-small.png HTTP/1.1" 304 169 "http://planet.emacsen.org/" "Mozilla/5.0 (Windows; U; Windows NT 5.1; en-US; rv:1.9.1.2) Gecko/20090729 Firefox/3.5.2" 
216.129.123.44 - - [03/Sep/2009:17:05:17 -0700] "GET /i/myu-small.png HTTP/1.1" 304 170 "http://planet.emacsen.org/" "Mozilla/5.0 (Windows; U; Windows NT 5.1; en-US; rv:1.9.1.2) Gecko/20090729 Firefox/3.5.2" 
75.22.86.151 - - [03/Sep/2009:17:06:01 -0700] "GET /favicon.ico HTTP/1.0" 200 22623 "-" "Safari5531.9 CFNetwork/438.14 Darwin/9.8.0 (i386) (MacBookPro3%2C1)" 
121.96.105.206 - - [03/Sep/2009:17:06:29 -0700] "GET /i/chu-small.png HTTP/1.1" 200 38675 "http://planet.emacsen.org/" "Mozilla/5.0 (Macintosh; U; PPC Mac OS X 10_4_11; en) AppleWebKit/531.9 (KHTML, like Gecko) Version/4.0.3 Safari/531.9" 
121.96.105.206 - - [03/Sep/2009:17:06:29 -0700] "GET /i/myu-small.png HTTP/1.1" 200 106282 "http://planet.emacsen.org/" "Mozilla/5.0 (Macintosh; U; PPC Mac OS X 10_4_11; en) AppleWebKit/531.9 (KHTML, like Gecko) Version/4.0.3 Safari/531.9" 
77.24.32.163 - - [03/Sep/2009:17:06:36 -0700] "GET /feed/atom.xml HTTP/1.1" 304 170 "-" "NetNewsWire/3.2b24 (Mac OS X; http://www.newsgator.com/Individuals/NetNewsWire/)" 
75.182.35.178 - - [03/Sep/2009:17:07:13 -0700] "GET /feed/atom.xml HTTP/1.1" 304 133 "-" "rss2email/2.64 +http://www.aaronsw.com/2002/rss2email/" 
69.147.112.168 - - [03/Sep/2009:17:07:39 -0700] "GET /blog/rss/emacs HTTP/1.0" 404 497 "-" "Yahoo Pipes 1.0" 
69.163.165.89 - - [03/Sep/2009:17:08:40 -0700] "GET /feed/atom.xml HTTP/1.1" 200 82396 "-" "Fever/1.08 (Feed Parser; http://feedafever.com; Allow like Gecko)" 
98.185.24.91 - - [03/Sep/2009:17:08:44 -0700] "GET /i/chu-small.png HTTP/1.1" 200 38675 "http://planet.emacsen.org/" "Mozilla/5.0 (Windows; U; Windows NT 5.1; en-US; rv:1.9.1.2) Gecko/20090729 Firefox/3.5.2 (.NET CLR 3.5.30729)" 
98.185.24.91 - - [03/Sep/2009:17:08:44 -0700] "GET /i/myu-small.png HTTP/1.1" 200 106282 "http://planet.emacsen.org/" "Mozilla/5.0 (Windows; U; Windows NT 5.1; en-US; rv:1.9.1.2) Gecko/20090729 Firefox/3.5.2 (.NET CLR 3.5.30729)" 
151.59.93.49 - - [03/Sep/2009:17:08:48 -0700] "GET /i/myu-small.png HTTP/1.1" 200 106282 "-" "Mozilla/5.0 (Macintosh; U; Intel Mac OS X 10_5_7; it-it) AppleWebKit/530.17 (KHTML, like Gecko) Version/4.0 Safari/530.17" 
151.59.93.49 - - [03/Sep/2009:17:08:48 -0700] "GET /i/chu-small.png HTTP/1.1" 200 38675 "-" "Mozilla/5.0 (Macintosh; U; Intel Mac OS X 10_5_7; it-it) AppleWebKit/530.17 (KHTML, like Gecko) Version/4.0 Safari/530.17" 
77.24.32.163 - - [03/Sep/2009:17:08:54 -0700] "GET /feed/atom.xml HTTP/1.1" 304 170 "-" "NetNewsWire/3.2b24 (Mac OS X; http://www.newsgator.com/Individuals/NetNewsWire/)" 
74.6.18.231 - - [03/Sep/2009:17:09:46 -0700] "GET /51 HTTP/1.0" 200 2383 "-" "Mozilla/5.0 (compatible; Yahoo! Slurp/3.0; http://help.yahoo.com/help/us/ysearch/slurp)" 
94.193.95.252 - - [03/Sep/2009:17:10:28 -0700] "GET /feed/atom.xml HTTP/1.1" 304 114 "-" "RSSOwl/2.0.0.200811231841" 
90.199.157.252 - - [03/Sep/2009:17:10:39 -0700] "GET /i/chu-small.png HTTP/1.1" 200 38675 "http://planetruby.0x42.net/" "Mozilla/5.0 (Windows; U; Windows NT 5.1; en-GB; rv:1.9.1.2) Gecko/20090729 Firefox/3.5.2" 
90.199.157.252 - - [03/Sep/2009:17:10:39 -0700] "GET /i/myu-small.png HTTP/1.1" 200 106282 "http://planetruby.0x42.net/" "Mozilla/5.0 (Windows; U; Windows NT 5.1; en-GB; rv:1.9.1.2) Gecko/20090729 Firefox/3.5.2" 
213.161.73.157 - - [03/Sep/2009:17:10:44 -0700] "GET /feed/atom HTTP/1.1" 200 82482 "-" "FeedTools/0.2.26 +http://www.sporkmonger.com/projects/feedtools/" 
96.11.231.210 - - [03/Sep/2009:17:12:25 -0700] "GET /favicon.ico HTTP/1.0" 200 22623 "-" "Safari5525.20.1 CFNetwork/422.11 Darwin/9.5.0 (i386) (Latitude%20D600%20)" 
71.63.182.235 - - [03/Sep/2009:17:12:47 -0700] "GET /i/chu-small.png HTTP/1.1" 200 38675 "http://planet.emacsen.org/" "Mozilla/5.0 (Macintosh; U; Intel Mac OS X 10.6; en-US; rv:1.9.1.3) Gecko/20090824 Firefox/3.5.3" 
71.63.182.235 - - [03/Sep/2009:17:12:47 -0700] "GET /i/myu-small.png HTTP/1.1" 200 106282 "http://planet.emacsen.org/" "Mozilla/5.0 (Macintosh; U; Intel Mac OS X 10.6; en-US; rv:1.9.1.3) Gecko/20090824 Firefox/3.5.3" 
76.166.213.108 - - [03/Sep/2009:17:12:50 -0700] "GET /favicon.ico HTTP/1.0" 200 22623 "-" "Safari5531.9 CFNetwork/438.14 Darwin/9.8.0 (i386) (iMac9%2C1)" 
220.233.86.183 - - [03/Sep/2009:17:13:39 -0700] "GET /favicon.ico HTTP/1.0" 200 22623 "-" "Safari5530.19 CFNetwork/438.12 Darwin/9.7.0 (i386) (MacBookPro5%2C1)" 
203.104.98.218 - - [03/Sep/2009:17:13:39 -0700] "GET /feed/atom HTTP/1.1" 200 82482 "-" "livedoor FeedFetcher/0.01 (http://reader.livedoor.com/; 2 subscribers)" 
66.108.172.212 - - [03/Sep/2009:17:15:16 -0700] "GET /126 HTTP/1.1" 200 9831 "-" "Opera/9.64 (Macintosh; Intel Mac OS X; U; en) Presto/2.1.1" 
66.108.172.212 - - [03/Sep/2009:17:15:18 -0700] "GET /style.css HTTP/1.1" 200 2884 "http://technomancy.us/126" "Opera/9.64 (Macintosh; Intel Mac OS X; U; en) Presto/2.1.1" 
66.108.172.212 - - [03/Sep/2009:17:15:18 -0700] "GET /jquery.js HTTP/1.1" 200 56061 "http://technomancy.us/126" "Opera/9.64 (Macintosh; Intel Mac OS X; U; en) Presto/2.1.1" 
66.108.172.212 - - [03/Sep/2009:17:15:43 -0700] "GET /i/technomancy.png HTTP/1.1" 200 16924 "http://technomancy.us/126" "Opera/9.64 (Macintosh; Intel Mac OS X; U; en) Presto/2.1.1" 
66.108.172.212 - - [03/Sep/2009:17:15:48 -0700] "GET /favicon.ico HTTP/1.1" 200 22660 "http://technomancy.us/126" "Opera/9.64 (Macintosh; Intel Mac OS X; U; en) Presto/2.1.1" 
70.253.73.74 - - [03/Sep/2009:17:15:53 -0700] "GET /i/chu-small.png HTTP/1.1" 200 38675 "http://www.google.com/reader/view/" "Mozilla/5.0 (X11; U; Linux i686; en-US; rv:1.9.1.2) Gecko/20090810 Ubuntu/9.10 (karmic) Firefox/3.5.2" 
70.253.73.74 - - [03/Sep/2009:17:15:53 -0700] "GET /i/myu-small.png HTTP/1.1" 200 106282 "http://www.google.com/reader/view/" "Mozilla/5.0 (X11; U; Linux i686; en-US; rv:1.9.1.2) Gecko/20090810 Ubuntu/9.10 (karmic) Firefox/3.5.2" 
209.85.238.76 - - [03/Sep/2009:17:15:59 -0700] "GET /caboose/rss.xml HTTP/1.1" 404 497 "-" "Feedfetcher-Google; (+http://www.google.com/feedfetcher.html; 1 subscribers; feed-id=13240709831236963947)" 
62.75.155.178 - - [03/Sep/2009:17:16:05 -0700] "GET /feed/atom.xml HTTP/1.1" 304 114 "-" "nntprss/0.5-beta-1 (Linux 2.6.9-023stab048.4-smp i386; http://www.methodize.org/nntprss/)" 
64.22.124.85 - - [03/Sep/2009:17:16:17 -0700] "GET /feed/atom HTTP/1.0" 200 82482 "-" "Fever/1.08 (Feed Parser; http://feedafever.com; Allow like Gecko)" 
209.85.238.76 - - [03/Sep/2009:17:17:27 -0700] "GET /blog/rss HTTP/1.1" 404 493 "-" "Feedfetcher-Google; (+http://www.google.com/feedfetcher.html; 59 subscribers; feed-id=6838513446056972697)" 
67.18.89.133 - - [03/Sep/2009:17:18:08 -0700] "GET /blog/rss HTTP/1.1" 404 512 "-" "FeedTools/0.2.29 +http://www.sporkmonger.com/projects/feedtools/" 
209.85.238.76 - - [03/Sep/2009:17:18:56 -0700] "GET /feed/atom HTTP/1.1" 304 224 "-" "Feedfetcher-Google; (+http://www.google.com/feedfetcher.html; 80 subscribers; feed-id=16712191229339911471)" 
77.24.32.163 - - [03/Sep/2009:17:19:02 -0700] "GET /feed/atom.xml HTTP/1.1" 304 170 "-" "NetNewsWire/3.2b24 (Mac OS X; http://www.newsgator.com/Individuals/NetNewsWire/)" 
72.229.133.74 - - [03/Sep/2009:17:20:25 -0700] "GET /feed/atom HTTP/1.1" 200 82519 "-" "Vienna/2.3.4.2305" 
77.24.32.163 - - [03/Sep/2009:17:23:01 -0700] "GET /feed/atom.xml HTTP/1.1" 304 170 "-" "NetNewsWire/3.2b24 (Mac OS X; http://www.newsgator.com/Individuals/NetNewsWire/)" 
222.231.15.180 - - [03/Sep/2009:17:23:30 -0700] "GET /feed/atom HTTP/1.1" 200 82463 "-" "HanRSS/1.1 (http://www.hanrss.com; 3 subscribers)" 
209.202.168.73 - - [03/Sep/2009:17:24:07 -0700] "GET /robots.txt HTTP/1.0" 200 326 "-" "GingerCrawler/1.0 (Language Assistant for Dyslexics; www.gingersoftware.com/crawler_agent.htm; support at ginger software dot com)" 
209.202.168.73 - - [03/Sep/2009:17:24:07 -0700] "GET /contact HTTP/1.0" 404 454 "-" "GingerCrawler/1.0 (Language Assistant for Dyslexics; www.gingersoftware.com/crawler_agent.htm; support at ginger software dot com)" 
206.212.254.2 - - [03/Sep/2009:17:25:09 -0700] "GET /feed/atom HTTP/1.1" 304 187 "-" "Planet Emacsen +http://planet.emacsen.org/ Planet/2.0 +http://www.planetplanet.org UniversalFeedParser/4.1 +http://feedparser.org/" 
78.41.115.230 - - [03/Sep/2009:17:25:27 -0700] "GET /128 HTTP/1.1" 200 6348 "-" "Mozilla/5.0" 
174.36.241.155 - - [03/Sep/2009:17:26:08 -0700] "GET / HTTP/1.1" 304 132 "-" "Mozilla/5.0 (X11; U; Linux i686; en-US; rv:1.2.1; aggregator:Spinn3r (Spinn3r 3.1); http://spinn3r.com/robot) Gecko/20021130" 
221.113.25.85 - - [03/Sep/2009:17:26:17 -0700] "GET /i/myu-small.png HTTP/1.1" 200 106282 "http://planet.emacsen.org/" "Mozilla/5.0 (Windows; U; Windows NT 5.1; ja; rv:1.9.1.2) Gecko/20090729 Firefox/3.5.2 (.NET CLR 3.5.30729) AutoPager/0.5.2.2 (http://www.teesoft.info/)" 
221.113.25.85 - - [03/Sep/2009:17:26:17 -0700] "GET /i/chu-small.png HTTP/1.1" 200 38675 "http://planet.emacsen.org/" "Mozilla/5.0 (Windows; U; Windows NT 5.1; ja; rv:1.9.1.2) Gecko/20090729 Firefox/3.5.2 (.NET CLR 3.5.30729) AutoPager/0.5.2.2 (http://www.teesoft.info/)" 
78.41.115.230 - - [03/Sep/2009:17:26:26 -0700] "GET /128 HTTP/1.1" 200 6348 "-" "Mozilla/5.0" 
96.11.231.210 - - [03/Sep/2009:17:27:09 -0700] "GET /favicon.ico HTTP/1.0" 200 22623 "-" "Safari5525.20.1 CFNetwork/422.11 Darwin/9.5.0 (i386) (Latitude%20D600%20)" 
76.166.213.108 - - [03/Sep/2009:17:27:42 -0700] "GET /favicon.ico HTTP/1.0" 200 22623 "-" "Safari5531.9 CFNetwork/438.14 Darwin/9.8.0 (i386) (iMac9%2C1)" 
220.233.86.183 - - [03/Sep/2009:17:28:39 -0700] "GET /favicon.ico HTTP/1.0" 200 22623 "-" "Safari5530.19 CFNetwork/438.12 Darwin/9.7.0 (i386) (MacBookPro5%2C1)" 
64.78.155.100 - - [03/Sep/2009:17:28:55 -0700] "GET /feed/atom.xml HTTP/1.1" 304 133 "-" "NewsGatorOnline/2.0 (http://www.newsgator.com; 44 subscribers)" 
65.190.139.141 - - [03/Sep/2009:17:29:11 -0700] "GET /feed/atom HTTP/1.1" 304 168 "-" "Python-httplib2/$Rev: 227 $" 
63.240.96.75 - - [03/Sep/2009:17:32:12 -0700] "GET / HTTP/1.1" 200 6288 "-" "Mozilla/4.0 (compatible; MSIE 5.5; Windows NT 5.0)" 
216.168.43.104 - - [03/Sep/2009:17:32:27 -0700] "GET /feed/atom.xml HTTP/1.1" 304 114 "http://technomancy.us/feed/atom.xml" "Mozilla/5.0 FeedProcessor (compatible; +http://www.evri.com/evrinid)" 
66.249.67.233 - - [03/Sep/2009:17:32:44 -0700] "GET /41 HTTP/1.1" 200 2088 "-" "Mozilla/5.0 (compatible; Googlebot/2.1; +http://www.google.com/bot.html)" 
65.55.51.114 - - [03/Sep/2009:17:32:49 -0700] "GET /robots.txt HTTP/1.1" 200 319 "-" "msnbot/2.0b (+http://search.msn.com/msnbot.htm)" 
174.36.241.149 - - [03/Sep/2009:17:35:05 -0700] "GET /feed/atom.xml HTTP/1.1" 304 133 "-" "Mozilla/5.0 (X11; U; Linux i686; en-US; rv:1.2.1; aggregator:Spinn3r (Spinn3r 3.1); http://spinn3r.com/robot) Gecko/20021130" 
64.78.155.100 - - [03/Sep/2009:17:36:01 -0700] "GET /feed/atom HTTP/1.1" 304 187 "-" "NewsGatorOnline/2.0 (http://www.newsgator.com; 27 subscribers)" 
69.163.165.89 - - [03/Sep/2009:17:37:59 -0700] "GET /feed/atom.xml HTTP/1.1" 200 82396 "-" "Fever/1.08 (Feed Parser; http://feedafever.com; Allow like Gecko)" 
94.193.95.252 - - [03/Sep/2009:17:40:32 -0700] "GET /feed/atom.xml HTTP/1.1" 304 114 "-" "RSSOwl/2.0.0.200811231841" 
62.149.141.95 - - [03/Sep/2009:17:41:47 -0700] "GET /feed/atom.xml HTTP/1.1" 304 114 "http://technomancy.us/feed/atom.xml" "Lilina/1.0-alpha-6; (http://www.algolab.eu/clojure/; http://getlilina.org/; Allow Like Gecko) SimplePie/20081108222226" 
76.166.213.108 - - [03/Sep/2009:17:42:42 -0700] "GET /favicon.ico HTTP/1.0" 200 22623 "-" "Safari5531.9 CFNetwork/438.14 Darwin/9.8.0 (i386) (iMac9%2C1)" 
66.235.116.128 - - [03/Sep/2009:17:43:23 -0700] "GET /feed/atom.xml HTTP/1.1" 200 82396 "-" "Bloglines/3.1 (http://www.bloglines.com; 7 subscribers)" 
220.233.86.183 - - [03/Sep/2009:17:43:39 -0700] "GET /favicon.ico HTTP/1.0" 200 22623 "-" "Safari5530.19 CFNetwork/438.12 Darwin/9.7.0 (i386) (MacBookPro5%2C1)" 
69.76.204.217 - - [03/Sep/2009:17:43:52 -0700] "GET /feed/atom.xml HTTP/1.0" 200 82415 "-" "Liferea/1.4.14 (Linux; en_US.UTF-8; http://liferea.sf.net/)" 
207.98.189.133 - - [03/Sep/2009:17:44:19 -0700] "GET /i/chu-small.png HTTP/1.1" 200 38675 "http://planetruby.0x42.net/" "Mozilla/5.0 (Macintosh; U; Intel Mac OS X 10_5_7; en-us) AppleWebKit/530.17 (KHTML, like Gecko) Version/4.0 Safari/530.17" 
207.98.189.133 - - [03/Sep/2009:17:44:19 -0700] "GET /i/myu-small.png HTTP/1.1" 200 106282 "http://planetruby.0x42.net/" "Mozilla/5.0 (Macintosh; U; Intel Mac OS X 10_5_7; en-us) AppleWebKit/530.17 (KHTML, like Gecko) Version/4.0 Safari/530.17" 
206.212.254.2 - - [03/Sep/2009:17:45:12 -0700] "GET /feed/atom HTTP/1.1" 304 187 "-" "Planet Emacsen +http://planet.emacsen.org/ Planet/2.0 +http://www.planetplanet.org UniversalFeedParser/4.1 +http://feedparser.org/" 
66.108.172.212 - - [03/Sep/2009:17:46:19 -0700] "GET /126 HTTP/1.1" 200 9831 "-" "Mozilla/5.0 (Macintosh; U; Intel Mac OS X; en) AppleWebKit/417.9 (KHTML, like Gecko) HistoryHound/1.9" 
64.22.124.85 - - [03/Sep/2009:17:46:36 -0700] "GET /feed/atom HTTP/1.0" 200 82482 "-" "Fever/1.08 (Feed Parser; http://feedafever.com; Allow like Gecko)" 
66.108.172.212 - - [03/Sep/2009:17:47:01 -0700] "GET /126 HTTP/1.1" 200 9831 "-" "Mozilla/5.0 (Macintosh; U; Intel Mac OS X 10_6; en-us) AppleWebKit/531.9 (KHTML, like Gecko) Version/4.0.3 Safari/531.9" 
66.108.172.212 - - [03/Sep/2009:17:47:13 -0700] "GET /style.css HTTP/1.1" 200 2884 "http://technomancy.us/126" "Mozilla/5.0 (Macintosh; U; Intel Mac OS X 10_6; en-us) AppleWebKit/531.9 (KHTML, like Gecko) Version/4.0.3 Safari/531.9" 
66.108.172.212 - - [03/Sep/2009:17:47:15 -0700] "GET /jquery.js HTTP/1.1" 200 56062 "http://technomancy.us/126" "Mozilla/5.0 (Macintosh; U; Intel Mac OS X 10_6; en-us) AppleWebKit/531.9 (KHTML, like Gecko) Version/4.0.3 Safari/531.9" 
66.108.172.212 - - [03/Sep/2009:17:47:24 -0700] "GET /i/technomancy.png HTTP/1.1" 200 16924 "http://technomancy.us/126" "Mozilla/5.0 (Macintosh; U; Intel Mac OS X 10_6; en-us) AppleWebKit/531.9 (KHTML, like Gecko) Version/4.0.3 Safari/531.9" 
65.190.139.141 - - [03/Sep/2009:17:48:37 -0700] "GET /feed/atom HTTP/1.1" 304 168 "-" "Mars" 
67.18.89.133 - - [03/Sep/2009:17:48:40 -0700] "GET /blog/rss HTTP/1.1" 404 512 "-" "FeedTools/0.2.29 +http://www.sporkmonger.com/projects/feedtools/" 
75.187.177.20 - - [03/Sep/2009:17:49:51 -0700] "GET /i/chu-small.png HTTP/1.1" 304 169 "http://planetruby.0x42.net/" "Mozilla/5.0 (Macintosh; U; Intel Mac OS X 10_6; en-us) AppleWebKit/531.9 (KHTML, like Gecko) Version/4.0.3 Safari/531.9" 
75.187.177.20 - - [03/Sep/2009:17:49:51 -0700] "GET /i/myu-small.png HTTP/1.1" 304 170 "http://planetruby.0x42.net/" "Mozilla/5.0 (Macintosh; U; Intel Mac OS X 10_6; en-us) AppleWebKit/531.9 (KHTML, like Gecko) Version/4.0.3 Safari/531.9" 
173.45.232.26 - - [03/Sep/2009:17:50:28 -0700] "GET /feed/atom.xml HTTP/1.1" 200 82415 "-" "FeedTools/0.2.29 +http://www.sporkmonger.com/projects/feedtools/" 
173.53.190.17 - - [03/Sep/2009:17:51:26 -0700] "GET /i/chu-small.png HTTP/1.1" 200 38675 "http://planetruby.0x42.net/" "Mozilla/5.0 (Windows; U; Windows NT 5.0; en-US; rv:1.9.1.2) Gecko/20090729 Firefox/3.5.2" 
173.53.190.17 - - [03/Sep/2009:17:51:26 -0700] "GET /i/myu-small.png HTTP/1.1" 200 106282 "http://planetruby.0x42.net/" "Mozilla/5.0 (Windows; U; Windows NT 5.0; en-US; rv:1.9.1.2) Gecko/20090729 Firefox/3.5.2" 
81.156.159.173 - - [03/Sep/2009:17:51:43 -0700] "GET /i/chu-small.png HTTP/1.1" 304 169 "http://planet.emacsen.org/" "Mozilla/5.0 (X11; U; Linux i686; en-GB; rv:1.9.1.2) Gecko/20090729 Firefox/3.5.2" 
81.156.159.173 - - [03/Sep/2009:17:51:43 -0700] "GET /i/myu-small.png HTTP/1.1" 304 170 "http://planet.emacsen.org/" "Mozilla/5.0 (X11; U; Linux i686; en-GB; rv:1.9.1.2) Gecko/20090729 Firefox/3.5.2" 
209.85.238.76 - - [03/Sep/2009:17:54:32 -0700] "GET /feed/atom.xml HTTP/1.1" 304 170 "-" "Feedfetcher-Google; (+http://www.google.com/feedfetcher.html; 104 subscribers; feed-id=11866297304218009555)" 
81.156.159.173 - - [03/Sep/2009:17:54:42 -0700] "GET / HTTP/1.1" 200 3146 "http://planet.emacsen.org/" "Mozilla/5.0 (X11; U; Linux i686; en-GB; rv:1.9.1.2) Gecko/20090729 Firefox/3.5.2" 
81.156.159.173 - - [03/Sep/2009:17:54:43 -0700] "GET /style.css HTTP/1.1" 200 2883 "http://technomancy.us/" "Mozilla/5.0 (X11; U; Linux i686; en-GB; rv:1.9.1.2) Gecko/20090729 Firefox/3.5.2" 
81.156.159.173 - - [03/Sep/2009:17:54:43 -0700] "GET /jquery.js HTTP/1.1" 200 56062 "http://technomancy.us/" "Mozilla/5.0 (X11; U; Linux i686; en-GB; rv:1.9.1.2) Gecko/20090729 Firefox/3.5.2" 
81.156.159.173 - - [03/Sep/2009:17:54:44 -0700] "GET /i/technomancy.png HTTP/1.1" 200 16923 "http://technomancy.us/" "Mozilla/5.0 (X11; U; Linux i686; en-GB; rv:1.9.1.2) Gecko/20090729 Firefox/3.5.2" 
81.156.159.173 - - [03/Sep/2009:17:54:45 -0700] "GET /favicon.ico HTTP/1.1" 200 22659 "-" "Mozilla/5.0 (X11; U; Linux i686; en-GB; rv:1.9.1.2) Gecko/20090729 Firefox/3.5.2" 
209.190.168.98 - - [03/Sep/2009:17:55:05 -0700] "GET /i/myu-small.png HTTP/1.1" 304 170 "http://planet.emacsen.org/" "Mozilla/5.0 (X11; U; Linux i686; en-US; rv:1.9.0.11) Gecko/2009061212 Firefox/3.0.9 Debian" 
209.190.168.98 - - [03/Sep/2009:17:55:05 -0700] "GET /i/chu-small.png HTTP/1.1" 304 169 "http://planet.emacsen.org/" "Mozilla/5.0 (X11; U; Linux i686; en-US; rv:1.9.0.11) Gecko/2009061212 Firefox/3.0.9 Debian" 
81.156.159.173 - - [03/Sep/2009:17:56:28 -0700] "GET /projects HTTP/1.1" 200 3323 "http://technomancy.us/" "Mozilla/5.0 (X11; U; Linux i686; en-GB; rv:1.9.1.2) Gecko/20090729 Firefox/3.5.2" 
81.156.159.173 - - [03/Sep/2009:17:56:59 -0700] "GET /colophon HTTP/1.1" 200 1337 "http://technomancy.us/projects" "Mozilla/5.0 (X11; U; Linux i686; en-GB; rv:1.9.1.2) Gecko/20090729 Firefox/3.5.2" 
81.156.159.173 - - [03/Sep/2009:17:56:59 -0700] "GET /i/headshot.jpg HTTP/1.1" 200 20773 "http://technomancy.us/colophon" "Mozilla/5.0 (X11; U; Linux i686; en-GB; rv:1.9.1.2) Gecko/20090729 Firefox/3.5.2" 
81.156.159.173 - - [03/Sep/2009:17:57:19 -0700] "GET /list HTTP/1.1" 200 4176 "http://technomancy.us/colophon" "Mozilla/5.0 (X11; U; Linux i686; en-GB; rv:1.9.1.2) Gecko/20090729 Firefox/3.5.2" 
76.166.213.108 - - [03/Sep/2009:17:57:42 -0700] "GET /favicon.ico HTTP/1.0" 200 22623 "-" "Safari5531.9 CFNetwork/438.14 Darwin/9.8.0 (i386) (iMac9%2C1)" 
81.156.159.173 - - [03/Sep/2009:17:58:14 -0700] "GET /124 HTTP/1.1" 200 2137 "http://technomancy.us/list" "Mozilla/5.0 (X11; U; Linux i686; en-GB; rv:1.9.1.2) Gecko/20090729 Firefox/3.5.2" 
81.156.159.173 - - [03/Sep/2009:17:58:14 -0700] "GET /i/peepcode-clojure-title.png HTTP/1.1" 200 11054 "http://technomancy.us/124" "Mozilla/5.0 (X11; U; Linux i686; en-GB; rv:1.9.1.2) Gecko/20090729 Firefox/3.5.2" 
81.156.159.173 - - [03/Sep/2009:17:58:14 -0700] "GET /i/peepcode-clojure-reduce.png HTTP/1.1" 200 10419 "http://technomancy.us/124" "Mozilla/5.0 (X11; U; Linux i686; en-GB; rv:1.9.1.2) Gecko/20090729 Firefox/3.5.2" 
81.156.159.173 - - [03/Sep/2009:17:58:15 -0700] "GET /125 HTTP/1.1" 200 2055 "http://technomancy.us/124" "Mozilla/5.0 (X11; U; Linux i686; en-GB; rv:1.9.1.2) Gecko/20090729 Firefox/3.5.2" 
220.233.86.183 - - [03/Sep/2009:17:58:39 -0700] "GET /favicon.ico HTTP/1.0" 200 22623 "-" "Safari5530.19 CFNetwork/438.12 Darwin/9.7.0 (i386) (MacBookPro5%2C1)" 
97.121.167.159 - - [03/Sep/2009:17:59:01 -0700] "GET /i/chu-small.png HTTP/1.1" 200 38675 "http://planet.emacsen.org/" "Opera/9.80 (Windows NT 5.1; U; en) Presto/2.2.15 Version/10.00" 
97.121.167.159 - - [03/Sep/2009:17:59:03 -0700] "GET /i/myu-small.png HTTP/1.1" 200 106281 "http://planet.emacsen.org/" "Opera/9.80 (Windows NT 5.1; U; en) Presto/2.2.15 Version/10.00" 
67.218.99.195 - - [03/Sep/2009:17:59:30 -0700] "GET /robots.txt HTTP/1.1" 200 263 "-" "-" 
67.218.99.195 - - [03/Sep/2009:17:59:36 -0700] "GET /128 HTTP/1.1" 200 6292 "-" "-" 
81.156.159.173 - - [03/Sep/2009:17:59:41 -0700] "GET /121 HTTP/1.1" 200 4473 "http://technomancy.us/124" "Mozilla/5.0 (X11; U; Linux i686; en-GB; rv:1.9.1.2) Gecko/20090729 Firefox/3.5.2" 
81.156.159.173 - - [03/Sep/2009:17:59:41 -0700] "GET /i/cons.png HTTP/1.1" 200 1796 "http://technomancy.us/121" "Mozilla/5.0 (X11; U; Linux i686; en-GB; rv:1.9.1.2) Gecko/20090729 Firefox/3.5.2" 
81.156.159.173 - - [03/Sep/2009:17:59:42 -0700] "GET /i/clojure.gif HTTP/1.1" 200 2447 "http://technomancy.us/121" "Mozilla/5.0 (X11; U; Linux i686; en-GB; rv:1.9.1.2) Gecko/20090729 Firefox/3.5.2" 
81.156.159.173 - - [03/Sep/2009:17:59:43 -0700] "GET /122 HTTP/1.1" 200 2127 "http://technomancy.us/121" "Mozilla/5.0 (X11; U; Linux i686; en-GB; rv:1.9.1.2) Gecko/20090729 Firefox/3.5.2" 
209.97.235.98 - - [03/Sep/2009:18:00:06 -0700] "GET /feed/atom HTTP/1.1" 304 187 "-" "Planet Ruby +http://planetruby.0x42.net/ Planet/2.0 +http://www.planetplanet.org UniversalFeedParser/4.1 +http://feedparser.org/" 
174.36.228.154 - - [03/Sep/2009:18:00:18 -0700] "GET / HTTP/1.1" 304 132 "-" "Mozilla/5.0 (X11; U; Linux i686; en-US; rv:1.2.1; aggregator:Spinn3r (Spinn3r 3.1); http://spinn3r.com/robot) Gecko/20021130" 
208.97.171.15 - - [03/Sep/2009:18:00:42 -0700] "GET /feed/atom.xml HTTP/1.1" 304 114 "http://technomancy.us/feed/atom.xml" "SimplePie/1.1.2 (Feed Parser; http://simplepie.org; Allow like Gecko) Build/20081109150825" 
208.97.171.15 - - [03/Sep/2009:18:00:42 -0700] "GET /feed/atom.xml HTTP/1.1" 304 114 "http://technomancy.us/feed/atom.xml" "SimplePie/1.1.2 (Feed Parser; http://simplepie.org; Allow like Gecko) Build/20081109150825" 
222.231.15.180 - - [03/Sep/2009:18:01:27 -0700] "GET /feed/atom HTTP/1.1" 200 82463 "-" "HanRSS/1.1 (http://www.hanrss.com; 3 subscribers)" 
74.85.18.250 - - [03/Sep/2009:18:03:27 -0700] "GET /i/chu-small.png HTTP/1.1" 304 169 "http://planet.emacsen.org/" "Mozilla/5.0 (Macintosh; U; Intel Mac OS X 10_5_8; en-us) AppleWebKit/531.9 (KHTML, like Gecko) Version/4.0.3 Safari/531.9" 
74.85.18.250 - - [03/Sep/2009:18:03:27 -0700] "GET /i/myu-small.png HTTP/1.1" 304 170 "http://planet.emacsen.org/" "Mozilla/5.0 (Macintosh; U; Intel Mac OS X 10_5_8; en-us) AppleWebKit/531.9 (KHTML, like Gecko) Version/4.0.3 Safari/531.9" 
81.156.159.173 - - [03/Sep/2009:18:04:02 -0700] "GET /123 HTTP/1.1" 200 3712 "http://technomancy.us/122" "Mozilla/5.0 (X11; U; Linux i686; en-GB; rv:1.9.1.2) Gecko/20090729 Firefox/3.5.2" 
206.212.254.2 - - [03/Sep/2009:18:05:07 -0700] "GET /feed/atom HTTP/1.1" 304 187 "-" "Planet Emacsen +http://planet.emacsen.org/ Planet/2.0 +http://www.planetplanet.org UniversalFeedParser/4.1 +http://feedparser.org/" 
71.79.173.5 - - [03/Sep/2009:18:06:10 -0700] "GET /i/chu-small.png HTTP/1.1" 304 169 "http://planet.emacsen.org/" "Mozilla/5.0 (X11; U; Linux i686; en-US; rv:1.9.1.4pre) Gecko/20090901 Ubuntu/9.04 (jaunty) Shiretoko/3.5.4pre" 
71.79.173.5 - - [03/Sep/2009:18:06:10 -0700] "GET /i/myu-small.png HTTP/1.1" 304 170 "http://planet.emacsen.org/" "Mozilla/5.0 (X11; U; Linux i686; en-US; rv:1.9.1.4pre) Gecko/20090901 Ubuntu/9.04 (jaunty) Shiretoko/3.5.4pre" 
174.37.205.67 - - [03/Sep/2009:18:06:32 -0700] "GET /feed/atom.xml HTTP/1.1" 304 133 "-" "Mozilla/5.0 (X11; U; Linux i686; en-US; rv:1.2.1; aggregator:Spinn3r (Spinn3r 3.1); http://spinn3r.com/robot) Gecko/20021130" 
75.182.35.178 - - [03/Sep/2009:18:07:12 -0700] "GET /feed/atom.xml HTTP/1.1" 304 133 "-" "rss2email/2.64 +http://www.aaronsw.com/2002/rss2email/" 
121.96.105.206 - - [03/Sep/2009:18:07:29 -0700] "GET /i/myu-small.png HTTP/1.1" 200 106282 "http://planet.emacsen.org/" "Mozilla/5.0 (Macintosh; U; PPC Mac OS X 10_4_11; en) AppleWebKit/531.9 (KHTML, like Gecko) Version/4.0.3 Safari/531.9" 
121.96.105.206 - - [03/Sep/2009:18:07:30 -0700] "GET /i/chu-small.png HTTP/1.1" 200 38675 "http://planet.emacsen.org/" "Mozilla/5.0 (Macintosh; U; PPC Mac OS X 10_4_11; en) AppleWebKit/531.9 (KHTML, like Gecko) Version/4.0.3 Safari/531.9" 
69.163.165.89 - - [03/Sep/2009:18:08:13 -0700] "GET /feed/atom.xml HTTP/1.1" 200 82396 "-" "Fever/1.08 (Feed Parser; http://feedafever.com; Allow like Gecko)" 
203.104.98.219 - - [03/Sep/2009:18:09:22 -0700] "GET /feed/atom.xml HTTP/1.1" 200 82415 "-" "livedoor FeedFetcher/0.01 (http://reader.livedoor.com/; 1 subscriber)" 
64.78.155.100 - - [03/Sep/2009:18:09:27 -0700] "GET /feed/atom.xml HTTP/1.1" 304 133 "-" "NewsGatorOnline/2.0 (http://www.newsgator.com; 44 subscribers)" 
94.193.95.252 - - [03/Sep/2009:18:10:31 -0700] "GET /feed/atom.xml HTTP/1.1" 304 114 "-" "RSSOwl/2.0.0.200811231841" 
76.166.213.108 - - [03/Sep/2009:18:12:42 -0700] "GET /favicon.ico HTTP/1.0" 200 22623 "-" "Safari5531.9 CFNetwork/438.14 Darwin/9.8.0 (i386) (iMac9%2C1)" 
220.233.86.183 - - [03/Sep/2009:18:13:40 -0700] "GET /favicon.ico HTTP/1.0" 200 22623 "-" "Safari5530.19 CFNetwork/438.12 Darwin/9.7.0 (i386) (MacBookPro5%2C1)" 
151.200.13.170 - - [03/Sep/2009:18:14:04 -0700] "GET / HTTP/1.1" 200 3146 "http://twitter.com/technomancy" "Mozilla/5.0 (X11; U; Linux x86_64; en-US; rv:1.9.1.2) Gecko/20090810 Ubuntu/9.10 (karmic) Firefox/3.5.2" 
151.200.13.170 - - [03/Sep/2009:18:14:04 -0700] "GET /style.css HTTP/1.1" 200 2884 "http://technomancy.us/" "Mozilla/5.0 (X11; U; Linux x86_64; en-US; rv:1.9.1.2) Gecko/20090810 Ubuntu/9.10 (karmic) Firefox/3.5.2" 
151.200.13.170 - - [03/Sep/2009:18:14:04 -0700] "GET /i/technomancy.png HTTP/1.1" 200 16923 "http://technomancy.us/" "Mozilla/5.0 (X11; U; Linux x86_64; en-US; rv:1.9.1.2) Gecko/20090810 Ubuntu/9.10 (karmic) Firefox/3.5.2" 
151.200.13.170 - - [03/Sep/2009:18:14:04 -0700] "GET /i/chu-small.png HTTP/1.1" 200 38675 "http://technomancy.us/" "Mozilla/5.0 (X11; U; Linux x86_64; en-US; rv:1.9.1.2) Gecko/20090810 Ubuntu/9.10 (karmic) Firefox/3.5.2" 
151.200.13.170 - - [03/Sep/2009:18:14:04 -0700] "GET /i/myu-small.png HTTP/1.1" 200 106282 "http://technomancy.us/" "Mozilla/5.0 (X11; U; Linux x86_64; en-US; rv:1.9.1.2) Gecko/20090810 Ubuntu/9.10 (karmic) Firefox/3.5.2" 
151.200.13.170 - - [03/Sep/2009:18:14:05 -0700] "GET /favicon.ico HTTP/1.1" 200 22659 "-" "Mozilla/5.0 (X11; U; Linux x86_64; en-US; rv:1.9.1.2) Gecko/20090810 Ubuntu/9.10 (karmic) Firefox/3.5.2" 
220.253.134.174 - - [03/Sep/2009:18:14:17 -0700] "GET /list HTTP/1.1" 200 4176 "http://www.facebook.com/smfawcett?v=feed&story_fbid=152548781417" "Mozilla/4.0 (compatible; MSIE 7.0; Windows NT 6.1; WOW64; Trident/4.0; SLCC2; .NET CLR 2.0.50727; .NET CLR 3.5.30729; .NET CLR 3.0.30729; Media Center PC 6.0; .NET CLR 1.1.4322)" 
220.253.134.174 - - [03/Sep/2009:18:14:18 -0700] "GET /style.css HTTP/1.1" 200 2884 "http://technomancy.us/list" "Mozilla/4.0 (compatible; MSIE 8.0; Windows NT 6.1; WOW64; Trident/4.0; SLCC2; .NET CLR 2.0.50727; .NET CLR 3.5.30729; .NET CLR 3.0.30729; Media Center PC 6.0; .NET CLR 1.1.4322)" 
220.253.134.174 - - [03/Sep/2009:18:14:18 -0700] "GET /i/technomancy.png HTTP/1.1" 200 16923 "http://technomancy.us/list" "Mozilla/4.0 (compatible; MSIE 8.0; Windows NT 6.1; WOW64; Trident/4.0; SLCC2; .NET CLR 2.0.50727; .NET CLR 3.5.30729; .NET CLR 3.0.30729; Media Center PC 6.0; .NET CLR 1.1.4322)" 
220.253.134.174 - - [03/Sep/2009:18:14:19 -0700] "GET /favicon.ico HTTP/1.1" 200 22660 "-" "Mozilla/4.0 (compatible; MSIE 8.0; Windows NT 6.1; WOW64; Trident/4.0; SLCC2; .NET CLR 2.0.50727; .NET CLR 3.5.30729; .NET CLR 3.0.30729; Media Center PC 6.0; .NET CLR 1.1.4322)" 
220.253.134.174 - - [03/Sep/2009:18:14:50 -0700] "GET / HTTP/1.1" 200 3146 "http://technomancy.us/list" "Mozilla/4.0 (compatible; MSIE 8.0; Windows NT 6.1; WOW64; Trident/4.0; SLCC2; .NET CLR 2.0.50727; .NET CLR 3.5.30729; .NET CLR 3.0.30729; Media Center PC 6.0; .NET CLR 1.1.4322)" 
220.253.134.174 - - [03/Sep/2009:18:14:51 -0700] "GET /jquery.js HTTP/1.1" 200 56062 "http://technomancy.us/" "Mozilla/4.0 (compatible; MSIE 8.0; Windows NT 6.1; WOW64; Trident/4.0; SLCC2; .NET CLR 2.0.50727; .NET CLR 3.5.30729; .NET CLR 3.0.30729; Media Center PC 6.0; .NET CLR 1.1.4322)" 
220.253.134.174 - - [03/Sep/2009:18:14:53 -0700] "GET /i/chu-small.png HTTP/1.1" 200 38674 "http://technomancy.us/" "Mozilla/4.0 (compatible; MSIE 8.0; Windows NT 6.1; WOW64; Trident/4.0; SLCC2; .NET CLR 2.0.50727; .NET CLR 3.5.30729; .NET CLR 3.0.30729; Media Center PC 6.0; .NET CLR 1.1.4322)" 
220.253.134.174 - - [03/Sep/2009:18:14:53 -0700] "GET /i/myu-small.png HTTP/1.1" 200 106282 "http://technomancy.us/" "Mozilla/4.0 (compatible; MSIE 8.0; Windows NT 6.1; WOW64; Trident/4.0; SLCC2; .NET CLR 2.0.50727; .NET CLR 3.5.30729; .NET CLR 3.0.30729; Media Center PC 6.0; .NET CLR 1.1.4322)" 
81.156.159.173 - - [03/Sep/2009:18:14:58 -0700] "GET /126 HTTP/1.1" 200 9831 "http://technomancy.us/list" "Mozilla/5.0 (X11; U; Linux i686; en-GB; rv:1.9.1.2) Gecko/20090729 Firefox/3.5.2" 
81.156.159.173 - - [03/Sep/2009:18:15:00 -0700] "GET /127 HTTP/1.1" 200 4031 "http://technomancy.us/126" "Mozilla/5.0 (X11; U; Linux i686; en-GB; rv:1.9.1.2) Gecko/20090729 Firefox/3.5.2" 
62.75.155.178 - - [03/Sep/2009:18:16:06 -0700] "GET /feed/atom.xml HTTP/1.1" 304 114 "-" "nntprss/0.5-beta-1 (Linux 2.6.9-023stab048.4-smp i386; http://www.methodize.org/nntprss/)" 
66.249.67.233 - - [03/Sep/2009:18:16:11 -0700] "GET /robots.txt HTTP/1.1" 200 363 "-" "Mozilla/5.0 (compatible; Googlebot/2.1; +http://www.google.com/bot.html)" 
66.249.67.233 - - [03/Sep/2009:18:16:11 -0700] "GET /65 HTTP/1.1" 200 2215 "-" "Mozilla/5.0 (compatible; Googlebot/2.1; +http://www.google.com/bot.html)" 
64.22.124.85 - - [03/Sep/2009:18:16:12 -0700] "GET /feed/atom HTTP/1.0" 200 82482 "-" "Fever/1.08 (Feed Parser; http://feedafever.com; Allow like Gecko)" 
64.78.155.100 - - [03/Sep/2009:18:17:00 -0700] "GET /feed/atom HTTP/1.1" 304 187 "-" "NewsGatorOnline/2.0 (http://www.newsgator.com; 27 subscribers)" 
140.109.54.2 - - [03/Sep/2009:18:17:50 -0700] "GET /i/chu-small.png HTTP/1.1" 200 38675 "http://planetruby.0x42.net/" "Mozilla/5.0 (Windows; U; Windows NT 5.1; zh-TW; rv:1.9.1.2) Gecko/20090729 Firefox/3.5.2" 
140.109.54.2 - - [03/Sep/2009:18:17:50 -0700] "GET /i/myu-small.png HTTP/1.1" 200 106282 "http://planetruby.0x42.net/" "Mozilla/5.0 (Windows; U; Windows NT 5.1; zh-TW; rv:1.9.1.2) Gecko/20090729 Firefox/3.5.2" 
81.156.159.173 - - [03/Sep/2009:18:19:08 -0700] "GET /128 HTTP/1.1" 200 3206 "http://technomancy.us/127" "Mozilla/5.0 (X11; U; Linux i686; en-GB; rv:1.9.1.2) Gecko/20090729 Firefox/3.5.2" 
74.56.218.57 - - [03/Sep/2009:18:19:26 -0700] "GET / HTTP/1.1" 200 3146 "http://nubyonrails.com/articles/emacs-emacs" "Mozilla/5.0 (Macintosh; U; Intel Mac OS X 10_5_8; en-us) AppleWebKit/531.9 (KHTML, like Gecko) Version/4.0.3 Safari/531.9" 
74.56.218.57 - - [03/Sep/2009:18:19:26 -0700] "GET /jquery.js HTTP/1.1" 200 56062 "http://technomancy.us/" "Mozilla/5.0 (Macintosh; U; Intel Mac OS X 10_5_8; en-us) AppleWebKit/531.9 (KHTML, like Gecko) Version/4.0.3 Safari/531.9" 
74.56.218.57 - - [03/Sep/2009:18:19:26 -0700] "GET /style.css HTTP/1.1" 200 2884 "http://technomancy.us/" "Mozilla/5.0 (Macintosh; U; Intel Mac OS X 10_5_8; en-us) AppleWebKit/531.9 (KHTML, like Gecko) Version/4.0.3 Safari/531.9" 
74.56.218.57 - - [03/Sep/2009:18:19:26 -0700] "GET /i/technomancy.png HTTP/1.1" 200 16923 "http://technomancy.us/" "Mozilla/5.0 (Macintosh; U; Intel Mac OS X 10_5_8; en-us) AppleWebKit/531.9 (KHTML, like Gecko) Version/4.0.3 Safari/531.9" 
74.56.218.57 - - [03/Sep/2009:18:19:27 -0700] "GET /i/chu-small.png HTTP/1.1" 200 38674 "http://technomancy.us/" "Mozilla/5.0 (Macintosh; U; Intel Mac OS X 10_5_8; en-us) AppleWebKit/531.9 (KHTML, like Gecko) Version/4.0.3 Safari/531.9" 
74.56.218.57 - - [03/Sep/2009:18:19:27 -0700] "GET /i/myu-small.png HTTP/1.1" 200 106281 "http://technomancy.us/" "Mozilla/5.0 (Macintosh; U; Intel Mac OS X 10_5_8; en-us) AppleWebKit/531.9 (KHTML, like Gecko) Version/4.0.3 Safari/531.9" 
74.56.218.57 - - [03/Sep/2009:18:19:27 -0700] "GET /favicon.ico HTTP/1.1" 200 22659 "http://technomancy.us/" "Mozilla/5.0 (Macintosh; U; Intel Mac OS X 10_5_8; en-us) AppleWebKit/531.9 (KHTML, like Gecko) Version/4.0.3 Safari/531.9" 
67.18.89.133 - - [03/Sep/2009:18:19:57 -0700] "GET /blog/rss HTTP/1.1" 404 512 "-" "FeedTools/0.2.29 +http://www.sporkmonger.com/projects/feedtools/" 
201.95.83.33 - - [03/Sep/2009:18:20:13 -0700] "GET /121 HTTP/1.1" 200 4473 "http://wiki.gungfu.de/Main/Clojure" "Mozilla/5.0 (X11; U; Linux i686; pt-BR; rv:1.9.0.13) Gecko/2009080315 Ubuntu/9.04 (jaunty) Firefox/3.0.13 FirePHP/0.3" 
201.95.83.33 - - [03/Sep/2009:18:20:17 -0700] "GET /style.css HTTP/1.1" 200 2884 "http://technomancy.us/121" "Mozilla/5.0 (X11; U; Linux i686; pt-BR; rv:1.9.0.13) Gecko/2009080315 Ubuntu/9.04 (jaunty) Firefox/3.0.13 FirePHP/0.3" 
201.95.83.33 - - [03/Sep/2009:18:20:17 -0700] "GET /jquery.js HTTP/1.1" 200 56062 "http://technomancy.us/121" "Mozilla/5.0 (X11; U; Linux i686; pt-BR; rv:1.9.0.13) Gecko/2009080315 Ubuntu/9.04 (jaunty) Firefox/3.0.13 FirePHP/0.3" 
201.95.83.33 - - [03/Sep/2009:18:20:30 -0700] "GET /i/cons.png HTTP/1.1" 200 1797 "http://technomancy.us/121" "Mozilla/5.0 (X11; U; Linux i686; pt-BR; rv:1.9.0.13) Gecko/2009080315 Ubuntu/9.04 (jaunty) Firefox/3.0.13 FirePHP/0.3" 
201.95.83.33 - - [03/Sep/2009:18:20:30 -0700] "GET /i/clojure.gif HTTP/1.1" 200 2447 "http://technomancy.us/121" "Mozilla/5.0 (X11; U; Linux i686; pt-BR; rv:1.9.0.13) Gecko/2009080315 Ubuntu/9.04 (jaunty) Firefox/3.0.13 FirePHP/0.3" 
201.95.83.33 - - [03/Sep/2009:18:20:32 -0700] "GET /i/technomancy.png HTTP/1.1" 200 16924 "http://technomancy.us/121" "Mozilla/5.0 (X11; U; Linux i686; pt-BR; rv:1.9.0.13) Gecko/2009080315 Ubuntu/9.04 (jaunty) Firefox/3.0.13 FirePHP/0.3" 
201.95.83.33 - - [03/Sep/2009:18:20:40 -0700] "GET /favicon.ico HTTP/1.1" 200 22660 "-" "Mozilla/5.0 (X11; U; Linux i686; pt-BR; rv:1.9.0.13) Gecko/2009080315 Ubuntu/9.04 (jaunty) Firefox/3.0.13 FirePHP/0.3" 
220.172.222.29 - - [03/Sep/2009:18:21:24 -0700] "GET /i/chu-small.png HTTP/1.1" 200 38675 "-" "Mozilla/5.0 (Macintosh; U; Intel Mac OS X 10.5; en-US; rv:1.9.1.2) Gecko/20090729 Firefox/3.5.2" 
220.172.222.29 - - [03/Sep/2009:18:21:24 -0700] "GET /i/myu-small.png HTTP/1.1" 200 106282 "-" "Mozilla/5.0 (Macintosh; U; Intel Mac OS X 10.5; en-US; rv:1.9.1.2) Gecko/20090729 Firefox/3.5.2" 
206.212.254.2 - - [03/Sep/2009:18:25:08 -0700] "GET /feed/atom HTTP/1.1" 304 187 "-" "Planet Emacsen +http://planet.emacsen.org/ Planet/2.0 +http://www.planetplanet.org UniversalFeedParser/4.1 +http://feedparser.org/" 
78.41.115.230 - - [03/Sep/2009:18:25:52 -0700] "GET /128 HTTP/1.1" 200 6348 "-" "Mozilla/5.0" 
216.168.43.104 - - [03/Sep/2009:18:26:30 -0700] "GET /feed/atom.xml HTTP/1.1" 304 114 "http://technomancy.us/feed/atom.xml" "Mozilla/5.0 FeedProcessor (compatible; +http://www.evri.com/evrinid)" 
78.41.115.230 - - [03/Sep/2009:18:26:37 -0700] "GET /128 HTTP/1.1" 200 6348 "-" "Mozilla/5.0" 
76.166.213.108 - - [03/Sep/2009:18:27:42 -0700] "GET /favicon.ico HTTP/1.0" 200 22623 "-" "Safari5531.9 CFNetwork/438.14 Darwin/9.8.0 (i386) (iMac9%2C1)" 
220.233.86.183 - - [03/Sep/2009:18:28:39 -0700] "GET /favicon.ico HTTP/1.0" 200 22623 "-" "Safari5530.19 CFNetwork/438.12 Darwin/9.7.0 (i386) (MacBookPro5%2C1)" 
65.190.139.141 - - [03/Sep/2009:18:29:12 -0700] "GET /feed/atom HTTP/1.1" 304 168 "-" "Python-httplib2/$Rev: 227 $" 
174.36.241.148 - - [03/Sep/2009:18:30:19 -0700] "GET / HTTP/1.1" 304 132 "-" "Mozilla/5.0 (X11; U; Linux i686; en-US; rv:1.2.1; aggregator:Spinn3r (Spinn3r 3.1); http://spinn3r.com/robot) Gecko/20021130" 
