81.141.193.195 - - [03/Sep/2009:13:45:01 -0700] "GET /126 HTTP/1.1" 200 9831 "-" "Mozilla/5.0 (Windows; U; Windows NT 6.1; en-US; rv:1.9.1.3) Gecko/20090824 Firefox/3.5.3 (.NET CLR 3.5.30729)" 
81.141.193.195 - - [03/Sep/2009:13:45:01 -0700] "GET /43 HTTP/1.1" 200 2931 "-" "Mozilla/5.0 (Windows; U; Windows NT 6.1; en-US; rv:1.9.1.3) Gecko/20090824 Firefox/3.5.3 (.NET CLR 3.5.30729)" 
81.141.193.195 - - [03/Sep/2009:13:45:02 -0700] "GET /style.css HTTP/1.1" 200 2883 "http://technomancy.us/126" "Mozilla/5.0 (Windows; U; Windows NT 6.1; en-US; rv:1.9.1.3) Gecko/20090824 Firefox/3.5.3 (.NET CLR 3.5.30729)" 
81.141.193.195 - - [03/Sep/2009:13:45:03 -0700] "GET /i/technomancy.png HTTP/1.1" 200 16924 "http://technomancy.us/126" "Mozilla/5.0 (Windows; U; Windows NT 6.1; en-US; rv:1.9.1.3) Gecko/20090824 Firefox/3.5.3 (.NET CLR 3.5.30729)" 
81.141.193.195 - - [03/Sep/2009:13:45:03 -0700] "GET /i/dust.jpg HTTP/1.1" 200 53077 "http://technomancy.us/43" "Mozilla/5.0 (Windows; U; Windows NT 6.1; en-US; rv:1.9.1.3) Gecko/20090824 Firefox/3.5.3 (.NET CLR 3.5.30729)" 
206.212.254.2 - - [03/Sep/2009:13:45:13 -0700] "GET /feed/atom HTTP/1.1" 304 187 "-" "Planet Emacsen +http://planet.emacsen.org/ Planet/2.0 +http://www.planetplanet.org UniversalFeedParser/4.1 +http://feedparser.org/" 
220.233.27.202 - - [03/Sep/2009:13:46:00 -0700] "GET /favicon.ico HTTP/1.0" 200 22623 "-" "Safari5530.19 CFNetwork/438.12 Darwin/9.7.0 (i386) (MacBookPro5%2C1)" 
77.37.133.239 - - [03/Sep/2009:13:46:52 -0700] "GET /i/chu-small.png HTTP/1.1" 200 38675 "http://www.google.com/reader/view/" "Mozilla/5.0 (X11; U; Linux i686; en-US; rv:1.9.1.2) Gecko/20090803 Ubuntu/9.04 (jaunty) Shiretoko/3.5.2" 
77.37.133.239 - - [03/Sep/2009:13:46:52 -0700] "GET /i/myu-small.png HTTP/1.1" 200 106282 "http://www.google.com/reader/view/" "Mozilla/5.0 (X11; U; Linux i686; en-US; rv:1.9.1.2) Gecko/20090803 Ubuntu/9.04 (jaunty) Shiretoko/3.5.2" 
81.141.193.195 - - [03/Sep/2009:13:47:18 -0700] "GET /127 HTTP/1.1" 200 4032 "http://technomancy.us/126" "Mozilla/5.0 (Windows; U; Windows NT 6.1; en-US; rv:1.9.1.3) Gecko/20090824 Firefox/3.5.3 (.NET CLR 3.5.30729)" 
81.141.193.195 - - [03/Sep/2009:13:47:18 -0700] "GET /44 HTTP/1.1" 200 3285 "http://technomancy.us/43" "Mozilla/5.0 (Windows; U; Windows NT 6.1; en-US; rv:1.9.1.3) Gecko/20090824 Firefox/3.5.3 (.NET CLR 3.5.30729)" 
222.231.15.180 - - [03/Sep/2009:13:47:28 -0700] "GET /feed/atom HTTP/1.1" 200 82463 "-" "HanRSS/1.1 (http://www.hanrss.com; 3 subscribers)" 
124.171.224.213 - - [03/Sep/2009:13:47:49 -0700] "GET /i/chu-small.png HTTP/1.1" 200 38675 "http://planet.emacsen.org/" "Mozilla/5.0 (Macintosh; U; Intel Mac OS X 10.5; en-GB; rv:1.9.0.13) Gecko/2009073021 Firefox/3.0.13" 
124.171.224.213 - - [03/Sep/2009:13:47:49 -0700] "GET /i/myu-small.png HTTP/1.1" 200 106282 "http://planet.emacsen.org/" "Mozilla/5.0 (Macintosh; U; Intel Mac OS X 10.5; en-GB; rv:1.9.0.13) Gecko/2009073021 Firefox/3.0.13" 
65.190.139.141 - - [03/Sep/2009:13:48:09 -0700] "GET /feed/atom HTTP/1.1" 304 168 "-" "Mars" 
77.24.32.163 - - [03/Sep/2009:13:51:24 -0700] "GET /feed/atom.xml HTTP/1.1" 304 170 "-" "NetNewsWire/3.2b24 (Mac OS X; http://www.newsgator.com/Individuals/NetNewsWire/)" 
64.22.124.85 - - [03/Sep/2009:13:51:40 -0700] "GET /feed/atom HTTP/1.0" 200 82482 "-" "Fever/1.08 (Feed Parser; http://feedafever.com; Allow like Gecko)" 
92.225.218.255 - - [03/Sep/2009:13:52:08 -0700] "GET /feed/atom HTTP/1.0" 304 187 "-" "Liferea/1.4.26 (Linux; en_US.UTF-8; http://liferea.sf.net/)" 
72.86.22.222 - - [03/Sep/2009:13:52:29 -0700] "GET /126 HTTP/1.1" 200 9831 "-" "Mozilla/5.0 (Windows; U; Windows NT 6.1; en-US; rv:1.9.1.2) Gecko/20090729 Firefox/3.5.2" 
72.86.22.222 - - [03/Sep/2009:13:52:31 -0700] "GET /style.css HTTP/1.1" 200 2883 "http://technomancy.us/126" "Mozilla/5.0 (Windows; U; Windows NT 6.1; en-US; rv:1.9.1.2) Gecko/20090729 Firefox/3.5.2" 
72.86.22.222 - - [03/Sep/2009:13:52:31 -0700] "GET /jquery.js HTTP/1.1" 200 56062 "http://technomancy.us/126" "Mozilla/5.0 (Windows; U; Windows NT 6.1; en-US; rv:1.9.1.2) Gecko/20090729 Firefox/3.5.2" 
72.86.22.222 - - [03/Sep/2009:13:52:31 -0700] "GET /i/technomancy.png HTTP/1.1" 200 16923 "http://technomancy.us/126" "Mozilla/5.0 (Windows; U; Windows NT 6.1; en-US; rv:1.9.1.2) Gecko/20090729 Firefox/3.5.2" 
72.86.22.222 - - [03/Sep/2009:13:52:31 -0700] "GET /127 HTTP/1.1" 200 4031 "http://technomancy.us/126" "Mozilla/5.0 (Windows; U; Windows NT 6.1; en-US; rv:1.9.1.2) Gecko/20090729 Firefox/3.5.2" 
72.86.22.222 - - [03/Sep/2009:13:52:31 -0700] "GET /favicon.ico HTTP/1.1" 200 22659 "-" "Mozilla/5.0 (Windows; U; Windows NT 6.1; en-US; rv:1.9.1.2) Gecko/20090729 Firefox/3.5.2" 
159.133.5.100 - - [03/Sep/2009:13:52:46 -0700] "GET /i/chu-small.png HTTP/1.1" 200 38675 "http://planet.emacsen.org/" "Mozilla/4.0 (compatible; MSIE 7.0; Windows NT 5.1; .NET CLR 2.0.50727; .NET CLR 1.1.4322; .NET CLR 3.0.4506.2152; .NET CLR 3.5.30729)" 
159.133.5.100 - - [03/Sep/2009:13:52:46 -0700] "GET /i/myu-small.png HTTP/1.1" 200 106282 "http://planet.emacsen.org/" "Mozilla/4.0 (compatible; MSIE 7.0; Windows NT 5.1; .NET CLR 2.0.50727; .NET CLR 1.1.4322; .NET CLR 3.0.4506.2152; .NET CLR 3.5.30729)" 
209.85.238.76 - - [03/Sep/2009:13:53:59 -0700] "GET /feed/atom.xml HTTP/1.1" 304 170 "-" "Feedfetcher-Google; (+http://www.google.com/feedfetcher.html; 104 subscribers; feed-id=11866297304218009555)" 
66.249.67.233 - - [03/Sep/2009:13:54:43 -0700] "GET /28 HTTP/1.1" 200 1826 "-" "Mozilla/5.0 (compatible; Googlebot/2.1; +http://www.google.com/bot.html)" 
65.55.207.45 - - [03/Sep/2009:13:55:08 -0700] "GET /126 HTTP/1.0" 200 27419 "-" "msnbot/2.0b (+http://search.msn.com/msnbot.htm)" 
96.11.231.210 - - [03/Sep/2009:13:57:14 -0700] "GET /favicon.ico HTTP/1.0" 200 22623 "-" "Safari5525.20.1 CFNetwork/422.11 Darwin/9.5.0 (i386) (Latitude%20D600%20)" 
76.166.213.108 - - [03/Sep/2009:13:57:43 -0700] "GET /favicon.ico HTTP/1.0" 200 22623 "-" "Safari5531.9 CFNetwork/438.14 Darwin/9.8.0 (i386) (iMac9%2C1)" 
174.36.241.148 - - [03/Sep/2009:13:59:26 -0700] "GET /feed/atom.xml HTTP/1.1" 304 133 "-" "Mozilla/5.0 (X11; U; Linux i686; en-US; rv:1.2.1; aggregator:Spinn3r (Spinn3r 3.1); http://spinn3r.com/robot) Gecko/20021130" 
118.94.217.157 - - [03/Sep/2009:13:58:40 -0700] "GET /i/chu-small.png HTTP/1.1" 200 38675 "http://planetruby.0x42.net/" "Mozilla/5.0 (Windows; U; Windows NT 6.0; en-US; rv:1.9.0.13) Gecko/2009073022 Firefox/3.0.13 (.NET CLR 3.5.30729) Creative ZENcast v2.00.13" 
118.94.217.157 - - [03/Sep/2009:13:58:40 -0700] "GET /i/myu-small.png HTTP/1.1" 200 106282 "http://planetruby.0x42.net/" "Mozilla/5.0 (Windows; U; Windows NT 6.0; en-US; rv:1.9.0.13) Gecko/2009073022 Firefox/3.0.13 (.NET CLR 3.5.30729) Creative ZENcast v2.00.13" 
209.97.235.98 - - [03/Sep/2009:14:00:05 -0700] "GET /feed/atom HTTP/1.1" 304 187 "-" "Planet Ruby +http://planetruby.0x42.net/ Planet/2.0 +http://www.planetplanet.org UniversalFeedParser/4.1 +http://feedparser.org/" 
209.85.238.76 - - [03/Sep/2009:14:00:32 -0700] "GET /blog/rss/emacs HTTP/1.1" 404 497 "-" "Feedfetcher-Google; (+http://www.google.com/feedfetcher.html; 1 subscribers; feed-id=985891254611913660)" 
65.55.207.138 - - [03/Sep/2009:14:00:43 -0700] "GET /59 HTTP/1.0" 200 4267 "-" "msnbot/2.0b (+http://search.msn.com/msnbot.htm)" 
208.97.171.15 - - [03/Sep/2009:14:00:49 -0700] "GET /feed/atom.xml HTTP/1.1" 304 114 "http://technomancy.us/feed/atom.xml" "SimplePie/1.1.2 (Feed Parser; http://simplepie.org; Allow like Gecko) Build/20081109150825" 
208.97.171.15 - - [03/Sep/2009:14:00:49 -0700] "GET /feed/atom.xml HTTP/1.1" 304 114 "http://technomancy.us/feed/atom.xml" "SimplePie/1.1.2 (Feed Parser; http://simplepie.org; Allow like Gecko) Build/20081109150825" 
220.233.27.202 - - [03/Sep/2009:14:01:00 -0700] "GET /favicon.ico HTTP/1.0" 200 22623 "-" "Safari5530.19 CFNetwork/438.12 Darwin/9.7.0 (i386) (MacBookPro5%2C1)" 
24.153.240.27 - - [03/Sep/2009:14:01:28 -0700] "GET /blog/rss HTTP/1.0" 404 456 "-" "Liferea/1.4.26 (Linux; en_US.UTF-8; http://liferea.sf.net/)" 
209.85.238.169 - - [03/Sep/2009:14:02:41 -0700] "GET /feed/atom.xml HTTP/1.1" 304 170 "-" "Feedfetcher-Google; (+http://www.google.com/feedfetcher.html; 1 subscribers; feed-id=11681256246541093961)" 
64.78.155.100 - - [03/Sep/2009:14:03:39 -0700] "GET /feed/atom.xml HTTP/1.1" 304 133 "-" "NewsGatorOnline/2.0 (http://www.newsgator.com; 44 subscribers)" 
141.89.44.86 - - [03/Sep/2009:14:04:47 -0700] "GET /feed/atom.xml HTTP/1.1" 304 170 "-" "Vienna/2.3.4.2305" 
206.212.254.2 - - [03/Sep/2009:14:05:07 -0700] "GET /feed/atom HTTP/1.1" 304 187 "-" "Planet Emacsen +http://planet.emacsen.org/ Planet/2.0 +http://www.planetplanet.org UniversalFeedParser/4.1 +http://feedparser.org/" 
84.131.212.62 - - [03/Sep/2009:14:05:30 -0700] "GET /i/chu-small.png HTTP/1.1" 304 169 "-" "Mozilla/5.0 (X11; U; Linux i686; en-US; rv:1.9.0.13) Gecko/2009082006 Iceweasel/3.0.12 (Debian-3.0.12-1)" 
84.131.212.62 - - [03/Sep/2009:14:05:30 -0700] "GET /i/myu-small.png HTTP/1.1" 304 170 "-" "Mozilla/5.0 (X11; U; Linux i686; en-US; rv:1.9.0.13) Gecko/2009082006 Iceweasel/3.0.12 (Debian-3.0.12-1)" 
203.104.98.218 - - [03/Sep/2009:14:06:13 -0700] "GET /feed/atom HTTP/1.1" 304 187 "-" "livedoor FeedFetcher/0.01 (http://reader.livedoor.com/; 2 subscribers)" 
75.182.35.178 - - [03/Sep/2009:14:07:15 -0700] "GET /feed/atom.xml HTTP/1.1" 304 133 "-" "rss2email/2.64 +http://www.aaronsw.com/2002/rss2email/" 
69.163.165.89 - - [03/Sep/2009:14:07:49 -0700] "GET /feed/atom.xml HTTP/1.1" 200 82396 "-" "Fever/1.08 (Feed Parser; http://feedafever.com; Allow like Gecko)" 
174.36.241.149 - - [03/Sep/2009:14:09:11 -0700] "GET / HTTP/1.1" 304 131 "-" "Mozilla/5.0 (X11; U; Linux i686; en-US; rv:1.2.1; aggregator:Spinn3r (Spinn3r 3.1); http://spinn3r.com/robot) Gecko/20021130" 
94.193.95.252 - - [03/Sep/2009:14:09:51 -0700] "GET /feed/atom.xml HTTP/1.1" 304 114 "-" "RSSOwl/2.0.0.200811231841" 
77.24.32.163 - - [03/Sep/2009:14:10:17 -0700] "GET /feed/atom.xml HTTP/1.1" 304 170 "-" "NetNewsWire/3.2b24 (Mac OS X; http://www.newsgator.com/Individuals/NetNewsWire/)" 
64.78.155.100 - - [03/Sep/2009:14:11:01 -0700] "GET /feed/atom HTTP/1.1" 304 187 "-" "NewsGatorOnline/2.0 (http://www.newsgator.com; 27 subscribers)" 
94.193.126.127 - - [03/Sep/2009:14:11:32 -0700] "GET /feed/atom.xml HTTP/1.1" 304 133 "-" "NetNewsWire/3.2b24 (Mac OS X; http://www.newsgator.com/Individuals/NetNewsWire/)" 
96.11.231.210 - - [03/Sep/2009:14:12:07 -0700] "GET /favicon.ico HTTP/1.0" 200 22623 "-" "Safari5525.20.1 CFNetwork/422.11 Darwin/9.5.0 (i386) (Latitude%20D600%20)" 
76.166.213.108 - - [03/Sep/2009:14:12:43 -0700] "GET /favicon.ico HTTP/1.0" 200 22623 "-" "Safari5531.9 CFNetwork/438.14 Darwin/9.8.0 (i386) (iMac9%2C1)" 
67.18.89.133 - - [03/Sep/2009:14:13:03 -0700] "GET /blog/rss HTTP/1.1" 404 512 "-" "FeedTools/0.2.29 +http://www.sporkmonger.com/projects/feedtools/" 
65.55.104.155 - - [03/Sep/2009:14:13:52 -0700] "GET /robots.txt HTTP/1.1" 200 326 "-" "msnbot/1.1 (+http://search.msn.com/msnbot.htm)" 
65.55.104.155 - - [03/Sep/2009:14:13:53 -0700] "GET /114 HTTP/1.1" 200 3054 "-" "msnbot/1.1 (+http://search.msn.com/msnbot.htm)" 
92.8.144.106 - - [03/Sep/2009:14:15:19 -0700] "GET /i/chu-small.png HTTP/1.1" 304 169 "http://planet.emacsen.org/" "Mozilla/5.0 (X11; U; Linux i686; en-GB; rv:1.9.1.2) Gecko/20090803 Fedora/3.5.2-2.fc11 Firefox/3.5.2" 
92.8.144.106 - - [03/Sep/2009:14:15:19 -0700] "GET /i/myu-small.png HTTP/1.1" 304 170 "http://planet.emacsen.org/" "Mozilla/5.0 (X11; U; Linux i686; en-GB; rv:1.9.1.2) Gecko/20090803 Fedora/3.5.2-2.fc11 Firefox/3.5.2" 
209.85.238.76 - - [03/Sep/2009:14:15:53 -0700] "GET /caboose/rss.xml HTTP/1.1" 404 497 "-" "Feedfetcher-Google; (+http://www.google.com/feedfetcher.html; 1 subscribers; feed-id=13240709831236963947)" 
220.233.27.202 - - [03/Sep/2009:14:16:01 -0700] "GET /favicon.ico HTTP/1.0" 200 22623 "-" "Safari5530.19 CFNetwork/438.12 Darwin/9.7.0 (i386) (MacBookPro5%2C1)" 
62.75.155.178 - - [03/Sep/2009:14:16:05 -0700] "GET /feed/atom.xml HTTP/1.1" 304 114 "-" "nntprss/0.5-beta-1 (Linux 2.6.9-023stab048.4-smp i386; http://www.methodize.org/nntprss/)" 
64.22.124.85 - - [03/Sep/2009:14:16:10 -0700] "GET /feed/atom HTTP/1.0" 200 82482 "-" "Fever/1.08 (Feed Parser; http://feedafever.com; Allow like Gecko)" 
74.6.18.231 - - [03/Sep/2009:14:16:46 -0700] "GET /style.css HTTP/1.0" 304 131 "http://technomancy.us/93" "Mozilla/5.0 (compatible; Yahoo! Slurp/3.0; http://help.yahoo.com/help/us/ysearch/slurp)" 
209.85.238.76 - - [03/Sep/2009:14:17:04 -0700] "GET /blog/rss HTTP/1.1" 404 493 "-" "Feedfetcher-Google; (+http://www.google.com/feedfetcher.html; 59 subscribers; feed-id=6838513446056972697)" 
77.24.32.163 - - [03/Sep/2009:14:17:40 -0700] "GET /feed/atom.xml HTTP/1.1" 304 170 "-" "NetNewsWire/3.2b24 (Mac OS X; http://www.newsgator.com/Individuals/NetNewsWire/)" 
209.85.238.76 - - [03/Sep/2009:14:18:31 -0700] "GET /feed/atom HTTP/1.1" 304 224 "-" "Feedfetcher-Google; (+http://www.google.com/feedfetcher.html; 80 subscribers; feed-id=16712191229339911471)" 
65.55.230.167 - - [03/Sep/2009:14:19:28 -0700] "GET /robots.txt HTTP/1.1" 200 326 "-" "Mozilla/4.0" 
65.55.230.167 - - [03/Sep/2009:14:19:28 -0700] "GET /119 HTTP/1.1" 200 3335 "-" "Mozilla/4.0" 
76.15.206.72 - - [03/Sep/2009:14:19:51 -0700] "GET /i/chu-small.png HTTP/1.1" 200 38675 "http://planet.emacsen.org/" "Mozilla/5.0 (X11; U; Linux x86_64; en-US; rv:1.9.1.3) Gecko/20090902 Ubuntu/9.04 (jaunty) Shiretoko/3.5.2" 
76.15.206.72 - - [03/Sep/2009:14:19:51 -0700] "GET /i/myu-small.png HTTP/1.1" 200 106282 "http://planet.emacsen.org/" "Mozilla/5.0 (X11; U; Linux x86_64; en-US; rv:1.9.1.3) Gecko/20090902 Ubuntu/9.04 (jaunty) Shiretoko/3.5.2" 
65.55.104.60 - - [03/Sep/2009:14:22:00 -0700] "GET /114 HTTP/1.1" 200 3091 "-" "Mozilla/4.0 (compatible; MSIE 6.0; Windows NT 5.1;  SLCC1;  .NET CLR 1.1.4325;  .NET CLR 2.0.40607;  .NET CLR 3.0.04506.648)" 
65.55.104.60 - - [03/Sep/2009:14:22:10 -0700] "GET /style.css HTTP/1.1" 200 2884 "http://technomancy.us/114" "Mozilla/4.0 (compatible; MSIE 6.0; Windows NT 5.1;  SLCC1;  .NET CLR 1.1.4325;  .NET CLR 2.0.40607;  .NET CLR 3.0.04506.648)" 
65.55.104.60 - - [03/Sep/2009:14:22:11 -0700] "GET /jquery.js HTTP/1.1" 200 56062 "http://technomancy.us/114" "Mozilla/4.0 (compatible; MSIE 6.0; Windows NT 5.1;  SLCC1;  .NET CLR 1.1.4325;  .NET CLR 2.0.40607;  .NET CLR 3.0.04506.648)" 
69.147.112.169 - - [03/Sep/2009:14:22:21 -0700] "GET /blog/rss/emacs HTTP/1.0" 404 497 "-" "Yahoo Pipes 1.0" 
78.41.115.230 - - [03/Sep/2009:14:25:06 -0700] "GET /128 HTTP/1.1" 200 6115 "-" "Mozilla/5.0" 
206.212.254.2 - - [03/Sep/2009:14:25:08 -0700] "GET /feed/atom HTTP/1.1" 304 187 "-" "Planet Emacsen +http://planet.emacsen.org/ Planet/2.0 +http://www.planetplanet.org UniversalFeedParser/4.1 +http://feedparser.org/" 
193.253.141.81 - - [03/Sep/2009:14:25:12 -0700] "GET /i/myu-small.png HTTP/1.1" 200 106282 "-" "ProRSSReader/1.9.5 CFNetwork/445.6 Darwin/10.0.0d3" 
193.253.141.80 - - [03/Sep/2009:14:25:12 -0700] "GET /i/chu-small.png HTTP/1.1" 200 38675 "-" "ProRSSReader/1.9.5 CFNetwork/445.6 Darwin/10.0.0d3" 
65.55.4.146 - - [03/Sep/2009:14:25:29 -0700] "GET /blog/post/10 HTTP/1.1" 301 446 "-" "T-Mobile Dash Mozilla/4.0 (compatible; MSIE 4.01; Windows CE; Smartphone; 320x240; MSNBOT-MOBILE/1.1; +http://search.msn.com/msnbot.htm)" 
213.161.73.157 - - [03/Sep/2009:14:25:38 -0700] "GET /feed/atom HTTP/1.1" 200 82482 "-" "FeedTools/0.2.26 +http://www.sporkmonger.com/projects/feedtools/" 
77.24.32.163 - - [03/Sep/2009:14:25:39 -0700] "GET /feed/atom.xml HTTP/1.1" 304 170 "-" "NetNewsWire/3.2b24 (Mac OS X; http://www.newsgator.com/Individuals/NetNewsWire/)" 
124.171.224.213 - - [03/Sep/2009:14:25:48 -0700] "GET /i/chu-small.png HTTP/1.1" 200 38675 "http://planet.emacsen.org/" "Mozilla/5.0 (Macintosh; U; Intel Mac OS X 10.5; en-GB; rv:1.9.0.13) Gecko/2009073021 Firefox/3.0.13" 
78.41.115.230 - - [03/Sep/2009:14:25:49 -0700] "GET /128 HTTP/1.1" 200 6115 "-" "Mozilla/5.0" 
124.171.224.213 - - [03/Sep/2009:14:25:48 -0700] "GET /i/myu-small.png HTTP/1.1" 200 106282 "http://planet.emacsen.org/" "Mozilla/5.0 (Macintosh; U; Intel Mac OS X 10.5; en-GB; rv:1.9.0.13) Gecko/2009073021 Firefox/3.0.13" 
96.11.231.210 - - [03/Sep/2009:14:27:10 -0700] "GET /favicon.ico HTTP/1.0" 200 22623 "-" "Safari5525.20.1 CFNetwork/422.11 Darwin/9.5.0 (i386) (Latitude%20D600%20)" 
76.166.213.108 - - [03/Sep/2009:14:27:43 -0700] "GET /favicon.ico HTTP/1.0" 200 22623 "-" "Safari5531.9 CFNetwork/438.14 Darwin/9.8.0 (i386) (iMac9%2C1)" 
192.35.79.70 - - [03/Sep/2009:14:28:03 -0700] "GET /i/chu-small.png HTTP/1.1" 200 38675 "http://planet.emacsen.org/" "Mozilla/5.0 (Windows; U; Windows NT 5.1; en-US; rv:1.9.1.2) Gecko/20090729 Firefox/3.5.2 GTB5" 
192.35.79.70 - - [03/Sep/2009:14:28:03 -0700] "GET /i/myu-small.png HTTP/1.1" 200 106282 "http://planet.emacsen.org/" "Mozilla/5.0 (Windows; U; Windows NT 5.1; en-US; rv:1.9.1.2) Gecko/20090729 Firefox/3.5.2 GTB5" 
65.55.51.16 - - [03/Sep/2009:14:28:41 -0700] "GET /121 HTTP/1.1" 200 4436 "-" "T-Mobile Dash Mozilla/4.0 (compatible; MSIE 4.01; Windows CE; Smartphone; 320x240; MSNBOT-MOBILE/1.1; +http://search.msn.com/msnbot.htm)" 
65.190.139.141 - - [03/Sep/2009:14:29:11 -0700] "GET /feed/atom HTTP/1.1" 304 168 "-" "Python-httplib2/$Rev: 227 $" 
84.45.210.85 - - [03/Sep/2009:14:29:38 -0700] "GET /i/chu-small.png HTTP/1.1" 200 38675 "http://planet.emacsen.org/" "Mozilla/5.0 (X11; U; Linux i686; en-GB; rv:1.9.0.13) Gecko/2009080315 Ubuntu/9.04 (jaunty) Firefox/3.0.13" 
84.45.210.85 - - [03/Sep/2009:14:29:38 -0700] "GET /i/myu-small.png HTTP/1.1" 200 106282 "http://planet.emacsen.org/" "Mozilla/5.0 (X11; U; Linux i686; en-GB; rv:1.9.0.13) Gecko/2009080315 Ubuntu/9.04 (jaunty) Firefox/3.0.13" 
85.120.71.126 - - [03/Sep/2009:14:30:09 -0700] "GET /97 HTTP/1.1" 200 10534 "-" "Mozilla/4.0 (compatible ; MSIE 6.0; Windows NT 5.1)" 
174.37.205.67 - - [03/Sep/2009:14:30:18 -0700] "GET /feed/atom.xml HTTP/1.1" 304 133 "-" "Mozilla/5.0 (X11; U; Linux i686; en-US; rv:1.2.1; aggregator:Spinn3r (Spinn3r 3.1); http://spinn3r.com/robot) Gecko/20021130" 
85.120.71.126 - - [03/Sep/2009:14:30:25 -0700] "GET /97 HTTP/1.1" 200 10478 "-" "Mozilla/4.0 (compatible ; MSIE 6.0; Windows NT 5.1)" 
220.233.27.202 - - [03/Sep/2009:14:31:00 -0700] "GET /favicon.ico HTTP/1.0" 200 22623 "-" "Safari5530.19 CFNetwork/438.12 Darwin/9.7.0 (i386) (MacBookPro5%2C1)" 
96.26.232.193 - - [03/Sep/2009:14:31:55 -0700] "GET /i/chu-small.png HTTP/1.1" 304 169 "http://planet.emacsen.org/" "Mozilla/5.0 (X11; U; Linux i686; en-US; rv:1.9.1.2) Gecko/20090803" 
96.26.232.193 - - [03/Sep/2009:14:31:55 -0700] "GET /i/myu-small.png HTTP/1.1" 304 170 "http://planet.emacsen.org/" "Mozilla/5.0 (X11; U; Linux i686; en-US; rv:1.9.1.2) Gecko/20090803" 
24.96.140.241 - - [03/Sep/2009:14:32:10 -0700] "GET /i/chu-small.png HTTP/1.1" 200 38675 "http://planetruby.0x42.net/" "Mozilla/5.0 (Macintosh; U; Intel Mac OS X 10_5_7; en-us) AppleWebKit/530.17 (KHTML, like Gecko) Version/4.0 Safari/530.17" 
24.96.140.241 - - [03/Sep/2009:14:32:10 -0700] "GET /i/myu-small.png HTTP/1.1" 200 106282 "http://planetruby.0x42.net/" "Mozilla/5.0 (Macintosh; U; Intel Mac OS X 10_5_7; en-us) AppleWebKit/530.17 (KHTML, like Gecko) Version/4.0 Safari/530.17" 
70.27.104.155 - - [03/Sep/2009:14:32:11 -0700] "GET /126 HTTP/1.1" 200 9831 "-" "Mozilla/5.0 (Macintosh; U; Intel Mac OS X 10_5_8; en-us) AppleWebKit/531.9 (KHTML, like Gecko) Version/4.0.3 Safari/531.9" 
70.27.104.155 - - [03/Sep/2009:14:32:53 -0700] "GET /style.css HTTP/1.1" 304 168 "http://technomancy.us/126" "Mozilla/5.0 (Macintosh; U; Intel Mac OS X 10_5_8; en-us) AppleWebKit/531.9 (KHTML, like Gecko) Version/4.0.3 Safari/531.9" 
70.27.104.155 - - [03/Sep/2009:14:33:07 -0700] "GET /jquery.js HTTP/1.1" 304 169 "http://technomancy.us/126" "Mozilla/5.0 (Macintosh; U; Intel Mac OS X 10_5_8; en-us) AppleWebKit/531.9 (KHTML, like Gecko) Version/4.0.3 Safari/531.9" 
72.14.229.17 - - [03/Sep/2009:14:33:20 -0700] "GET / HTTP/1.0" 200 3047 "http://www.google.com/search?q=technomancy+phil&ie=utf-8&oe=utf-8&aq=t&rls=org.mozilla:en-US:official&client=firefox-a" "Mozilla/5.0 (Macintosh; U; Intel Mac OS X 10.5; en-US; rv:1.9.1.2) Gecko/20090729 Firefox/3.5.2 GTB6" 
72.14.229.17 - - [03/Sep/2009:14:33:20 -0700] "GET /style.css HTTP/1.0" 200 2883 "http://technomancy.us/" "Mozilla/5.0 (Macintosh; U; Intel Mac OS X 10.5; en-US; rv:1.9.1.2) Gecko/20090729 Firefox/3.5.2 GTB6" 
72.14.229.17 - - [03/Sep/2009:14:33:20 -0700] "GET /jquery.js HTTP/1.0" 200 56062 "http://technomancy.us/" "Mozilla/5.0 (Macintosh; U; Intel Mac OS X 10.5; en-US; rv:1.9.1.2) Gecko/20090729 Firefox/3.5.2 GTB6" 
72.14.229.17 - - [03/Sep/2009:14:33:20 -0700] "GET /i/technomancy.png HTTP/1.0" 200 16923 "http://technomancy.us/" "Mozilla/5.0 (Macintosh; U; Intel Mac OS X 10.5; en-US; rv:1.9.1.2) Gecko/20090729 Firefox/3.5.2 GTB6" 
72.14.229.17 - - [03/Sep/2009:14:33:20 -0700] "GET /i/chu-small.png HTTP/1.0" 200 38674 "http://technomancy.us/" "Mozilla/5.0 (Macintosh; U; Intel Mac OS X 10.5; en-US; rv:1.9.1.2) Gecko/20090729 Firefox/3.5.2 GTB6" 
72.14.229.17 - - [03/Sep/2009:14:33:20 -0700] "GET /i/myu-small.png HTTP/1.0" 200 106282 "http://technomancy.us/" "Mozilla/5.0 (Macintosh; U; Intel Mac OS X 10.5; en-US; rv:1.9.1.2) Gecko/20090729 Firefox/3.5.2 GTB6" 
72.14.229.17 - - [03/Sep/2009:14:33:20 -0700] "GET /favicon.ico HTTP/1.0" 200 22659 "-" "Mozilla/5.0 (Macintosh; U; Intel Mac OS X 10.5; en-US; rv:1.9.1.2) Gecko/20090729 Firefox/3.5.2 GTB6" 
94.142.129.98 - - [03/Sep/2009:14:33:25 -0700] "GET / HTTP/1.0" 200 6043 "http://technomancy.us/" "Mozilla/4.0 (compatible; MSIE 5.5; Windows 95)" 
94.142.129.98 - - [03/Sep/2009:14:33:27 -0700] "POST /comment.cgi HTTP/1.0" 500 862 "http://technomancy.us/" "Mozilla/4.0 (compatible; MSIE 5.5; Windows 95)" 
96.26.232.193 - - [03/Sep/2009:14:33:32 -0700] "GET / HTTP/1.1" 304 168 "-" "Mozilla/5.0 (X11; U; Linux i686; en-US; rv:1.9.1.2) Gecko/20090803" 
96.26.232.193 - - [03/Sep/2009:14:33:33 -0700] "GET /style.css HTTP/1.1" 304 167 "http://technomancy.us/" "Mozilla/5.0 (X11; U; Linux i686; en-US; rv:1.9.1.2) Gecko/20090803" 
96.26.232.193 - - [03/Sep/2009:14:33:33 -0700] "GET /jquery.js HTTP/1.1" 304 169 "http://technomancy.us/" "Mozilla/5.0 (X11; U; Linux i686; en-US; rv:1.9.1.2) Gecko/20090803" 
96.26.232.193 - - [03/Sep/2009:14:33:33 -0700] "GET /i/technomancy.png HTTP/1.1" 304 167 "http://technomancy.us/" "Mozilla/5.0 (X11; U; Linux i686; en-US; rv:1.9.1.2) Gecko/20090803" 
70.27.104.155 - - [03/Sep/2009:14:33:33 -0700] "GET /i/technomancy.png HTTP/1.1" 304 168 "http://technomancy.us/126" "Mozilla/5.0 (Macintosh; U; Intel Mac OS X 10_5_8; en-us) AppleWebKit/531.9 (KHTML, like Gecko) Version/4.0.3 Safari/531.9" 
96.26.232.193 - - [03/Sep/2009:14:33:36 -0700] "GET /favicon.ico HTTP/1.1" 304 169 "-" "Mozilla/5.0 (X11; U; Linux i686; en-US; rv:1.9.1.2) Gecko/20090803" 
96.26.232.193 - - [03/Sep/2009:14:33:37 -0700] "GET /127 HTTP/1.1" 200 4031 "http://technomancy.us/" "Mozilla/5.0 (X11; U; Linux i686; en-US; rv:1.9.1.2) Gecko/20090803" 
96.26.232.193 - - [03/Sep/2009:14:33:37 -0700] "GET /128 HTTP/1.1" 200 3107 "http://technomancy.us/127" "Mozilla/5.0 (X11; U; Linux i686; en-US; rv:1.9.1.2) Gecko/20090803" 
88.173.196.148 - - [03/Sep/2009:14:33:39 -0700] "GET /128 HTTP/1.1" 304 223 "-" "Mozilla/5.0 (Macintosh; U; Intel Mac OS X 10_5_7; fr-fr) AppleWebKit/530.19.2 (KHTML, like Gecko) Version/4.0.2 Safari/530.19" 
88.173.196.148 - - [03/Sep/2009:14:33:40 -0700] "GET /i/chu-small.png HTTP/1.1" 304 169 "http://technomancy.us/128" "Mozilla/5.0 (Macintosh; U; Intel Mac OS X 10_5_7; fr-fr) AppleWebKit/530.19.2 (KHTML, like Gecko) Version/4.0.2 Safari/530.19" 
88.173.196.148 - - [03/Sep/2009:14:33:40 -0700] "GET /i/myu-small.png HTTP/1.1" 304 170 "http://technomancy.us/128" "Mozilla/5.0 (Macintosh; U; Intel Mac OS X 10_5_7; fr-fr) AppleWebKit/530.19.2 (KHTML, like Gecko) Version/4.0.2 Safari/530.19" 
70.27.104.155 - - [03/Sep/2009:14:33:50 -0700] "GET /favicon.ico HTTP/1.1" 200 22660 "http://technomancy.us/126" "Mozilla/5.0 (Macintosh; U; Intel Mac OS X 10_5_8; en-us) AppleWebKit/531.9 (KHTML, like Gecko) Version/4.0.3 Safari/531.9" 
72.14.229.17 - - [03/Sep/2009:14:34:57 -0700] "GET /128 HTTP/1.0" 200 3108 "http://technomancy.us/" "Mozilla/5.0 (Macintosh; U; Intel Mac OS X 10.5; en-US; rv:1.9.1.2) Gecko/20090729 Firefox/3.5.2 GTB6" 
77.24.32.163 - - [03/Sep/2009:14:35:08 -0700] "GET /feed/atom.xml HTTP/1.1" 304 170 "-" "NetNewsWire/3.2b24 (Mac OS X; http://www.newsgator.com/Individuals/NetNewsWire/)" 
72.14.229.17 - - [03/Sep/2009:14:35:10 -0700] "GET /127 HTTP/1.0" 200 4032 "-" "Mozilla/5.0 (Macintosh; U; Intel Mac OS X 10.5; en-US; rv:1.9.1.2) Gecko/20090729 Firefox/3.5.2 GTB6" 
85.120.71.126 - - [03/Sep/2009:14:35:17 -0700] "GET /feed/atom.xml HTTP/1.1" 200 33862 "-" "Mozilla/4.0 (compatible ; MSIE 6.0; Windows NT 5.1)" 
85.120.71.126 - - [03/Sep/2009:14:35:29 -0700] "GET /96 HTTP/1.1" 200 9957 "-" "Mozilla/4.0 (compatible ; MSIE 6.0; Windows NT 5.1)" 
85.120.71.126 - - [03/Sep/2009:14:35:30 -0700] "GET /96 HTTP/1.1" 200 9957 "-" "Mozilla/4.0 (compatible ; MSIE 6.0; Windows NT 5.1)" 
85.120.71.126 - - [03/Sep/2009:14:35:42 -0700] "GET /list HTTP/1.1" 200 18642 "-" "Mozilla/4.0 (compatible ; MSIE 6.0; Windows NT 5.1)" 
85.120.71.126 - - [03/Sep/2009:14:35:45 -0700] "GET /list HTTP/1.1" 200 18642 "-" "Mozilla/4.0 (compatible ; MSIE 6.0; Windows NT 5.1)" 
85.120.71.126 - - [03/Sep/2009:14:35:55 -0700] "GET /96 HTTP/1.1" 200 9957 "-" "Mozilla/4.0 (compatible ; MSIE 6.0; Windows NT 5.1)" 
85.120.71.126 - - [03/Sep/2009:14:35:55 -0700] "GET /96 HTTP/1.1" 200 9957 "-" "Mozilla/4.0 (compatible ; MSIE 6.0; Windows NT 5.1)" 
85.120.71.126 - - [03/Sep/2009:14:35:56 -0700] "GET /resume HTTP/1.1" 200 7679 "-" "Mozilla/4.0 (compatible ; MSIE 6.0; Windows NT 5.1)" 
85.120.71.126 - - [03/Sep/2009:14:35:59 -0700] "GET /98 HTTP/1.1" 200 6729 "-" "Mozilla/4.0 (compatible ; MSIE 6.0; Windows NT 5.1)" 
85.120.71.126 - - [03/Sep/2009:14:36:13 -0700] "GET /98 HTTP/1.1" 200 6729 "-" "Mozilla/4.0 (compatible ; MSIE 6.0; Windows NT 5.1)" 
66.235.116.128 - - [03/Sep/2009:14:36:36 -0700] "GET /feed/atom.xml HTTP/1.1" 304 114 "-" "Bloglines/3.1 (http://www.bloglines.com; 7 subscribers)" 
96.26.232.193 - - [03/Sep/2009:14:37:17 -0700] "POST /comment.cgi HTTP/1.1" 500 631 "http://technomancy.us/" "Mozilla/5.0 (X11; U; Linux i686; en-US; rv:1.9.1.2) Gecko/20090803" 
96.26.232.193 - - [03/Sep/2009:14:37:37 -0700] "POST /comment.cgi HTTP/1.1" 500 631 "http://technomancy.us/" "Mozilla/5.0 (X11; U; Linux i686; en-US; rv:1.9.1.2) Gecko/20090803" 
85.120.71.126 - - [03/Sep/2009:14:38:13 -0700] "GET /colophon HTTP/1.1" 200 2277 "-" "Mozilla/4.0 (compatible ; MSIE 6.0; Windows NT 5.1)" 
66.249.67.233 - - [03/Sep/2009:14:38:26 -0700] "GET /55 HTTP/1.1" 200 1743 "-" "Mozilla/5.0 (compatible; Googlebot/2.1; +http://www.google.com/bot.html)" 
69.163.165.89 - - [03/Sep/2009:14:38:41 -0700] "GET /feed/atom.xml HTTP/1.1" 200 82396 "-" "Fever/1.08 (Feed Parser; http://feedafever.com; Allow like Gecko)" 
96.26.232.193 - - [03/Sep/2009:14:39:05 -0700] "POST /comment.cgi HTTP/1.1" 500 631 "http://technomancy.us/" "Mozilla/5.0 (X11; U; Linux i686; en-US; rv:1.9.1.2) Gecko/20090803" 
174.37.205.76 - - [03/Sep/2009:14:39:22 -0700] "GET / HTTP/1.1" 304 131 "-" "Mozilla/5.0 (X11; U; Linux i686; en-US; rv:1.2.1; aggregator:Spinn3r (Spinn3r 3.1); http://spinn3r.com/robot) Gecko/20021130" 
222.231.15.180 - - [03/Sep/2009:14:39:32 -0700] "GET /feed/atom HTTP/1.1" 200 82463 "-" "HanRSS/1.1 (http://www.hanrss.com; 3 subscribers)" 
77.24.32.163 - - [03/Sep/2009:14:39:35 -0700] "GET /feed/atom.xml HTTP/1.1" 304 170 "-" "NetNewsWire/3.2b24 (Mac OS X; http://www.newsgator.com/Individuals/NetNewsWire/)" 
85.120.71.126 - - [03/Sep/2009:14:39:43 -0700] "GET /projects HTTP/1.1" 200 9189 "-" "Mozilla/4.0 (compatible ; MSIE 6.0; Windows NT 5.1)" 
94.193.95.252 - - [03/Sep/2009:14:39:51 -0700] "GET /feed/atom.xml HTTP/1.1" 304 114 "-" "RSSOwl/2.0.0.200811231841" 
62.149.141.99 - - [03/Sep/2009:14:39:57 -0700] "GET /feed/atom.xml HTTP/1.1" 304 114 "http://technomancy.us/feed/atom.xml" "Lilina/1.0-alpha-6; (http://www.algolab.eu/clojure/; http://getlilina.org/; Allow Like Gecko) SimplePie/20081108222226" 
85.120.71.126 - - [03/Sep/2009:14:40:11 -0700] "GET /style.css HTTP/1.1" 200 2884 "-" "Mozilla/4.0 (compatible ; MSIE 6.0; Windows NT 5.1)" 
85.120.71.126 - - [03/Sep/2009:14:40:24 -0700] "GET /list HTTP/1.1" 200 18642 "-" "Mozilla/4.0 (compatible ; MSIE 6.0; Windows NT 5.1)" 
216.168.43.104 - - [03/Sep/2009:14:40:41 -0700] "GET /feed/atom.xml HTTP/1.1" 304 114 "http://technomancy.us/feed/atom.xml" "Mozilla/5.0 FeedProcessor (compatible; +http://www.evri.com/evrinid)" 
188.25.84.217 - - [03/Sep/2009:14:40:43 -0700] "GET /i/chu-small.png HTTP/1.1" 200 38675 "http://planetruby.0x42.net/" "Mozilla/5.0 (Windows; U; Windows NT 5.1; en-US; rv:1.9.0.13) Gecko/2009073022 Firefox/3.0.13" 
188.25.84.217 - - [03/Sep/2009:14:40:43 -0700] "GET /i/myu-small.png HTTP/1.1" 200 106282 "http://planetruby.0x42.net/" "Mozilla/5.0 (Windows; U; Windows NT 5.1; en-US; rv:1.9.0.13) Gecko/2009073022 Firefox/3.0.13" 
85.120.71.126 - - [03/Sep/2009:14:40:49 -0700] "GET /96 HTTP/1.1" 200 9901 "-" "Mozilla/4.0 (compatible ; MSIE 6.0; Windows NT 5.1)" 
85.120.71.126 - - [03/Sep/2009:14:41:04 -0700] "GET /98 HTTP/1.1" 200 6673 "-" "Mozilla/4.0 (compatible ; MSIE 6.0; Windows NT 5.1)" 
85.120.71.126 - - [03/Sep/2009:14:41:14 -0700] "GET /list HTTP/1.1" 200 18586 "-" "Mozilla/4.0 (compatible ; MSIE 6.0; Windows NT 5.1)" 
96.26.232.193 - - [03/Sep/2009:14:41:15 -0700] "POST /comment.cgi HTTP/1.1" 500 631 "http://technomancy.us/" "Mozilla/5.0 (X11; U; Linux i686; en-US; rv:1.9.1.2) Gecko/20090803" 
94.193.126.127 - - [03/Sep/2009:14:41:28 -0700] "GET /feed/atom.xml HTTP/1.1" 304 133 "-" "NetNewsWire/3.2b24 (Mac OS X; http://www.newsgator.com/Individuals/NetNewsWire/)" 
65.183.152.86 - - [03/Sep/2009:14:41:47 -0700] "GET /i/chu-small.png HTTP/1.1" 304 169 "http://planet.emacsen.org/" "Mozilla/5.0 (X11; U; Linux i686; en-US; rv:1.9.0.10) Gecko/2009042708 Fedora/3.0.10-1.fc10 Firefox/3.0.10" 
65.183.152.86 - - [03/Sep/2009:14:41:47 -0700] "GET /i/myu-small.png HTTP/1.1" 304 170 "http://planet.emacsen.org/" "Mozilla/5.0 (X11; U; Linux i686; en-US; rv:1.9.0.10) Gecko/2009042708 Fedora/3.0.10-1.fc10 Firefox/3.0.10" 
88.109.77.73 - - [03/Sep/2009:14:41:49 -0700] "GET / HTTP/1.1" 200 3047 "http://github.com/technomancy" "Mozilla/5.0 (Macintosh; U; PPC Mac OS X 10_5_7; en-us) AppleWebKit/530.18 (KHTML, like Gecko) Version/4.0.1 Safari/530.18" 
88.109.77.73 - - [03/Sep/2009:14:41:50 -0700] "GET /style.css HTTP/1.1" 200 2884 "http://technomancy.us/" "Mozilla/5.0 (Macintosh; U; PPC Mac OS X 10_5_7; en-us) AppleWebKit/530.18 (KHTML, like Gecko) Version/4.0.1 Safari/530.18" 
88.109.77.73 - - [03/Sep/2009:14:41:50 -0700] "GET /jquery.js HTTP/1.1" 200 56062 "http://technomancy.us/" "Mozilla/5.0 (Macintosh; U; PPC Mac OS X 10_5_7; en-us) AppleWebKit/530.18 (KHTML, like Gecko) Version/4.0.1 Safari/530.18" 
88.109.77.73 - - [03/Sep/2009:14:41:53 -0700] "GET /i/chu-small.png HTTP/1.1" 200 38675 "http://technomancy.us/" "Mozilla/5.0 (Macintosh; U; PPC Mac OS X 10_5_7; en-us) AppleWebKit/530.18 (KHTML, like Gecko) Version/4.0.1 Safari/530.18" 
88.109.77.73 - - [03/Sep/2009:14:41:53 -0700] "GET /i/technomancy.png HTTP/1.1" 200 16924 "http://technomancy.us/" "Mozilla/5.0 (Macintosh; U; PPC Mac OS X 10_5_7; en-us) AppleWebKit/530.18 (KHTML, like Gecko) Version/4.0.1 Safari/530.18" 
88.109.77.73 - - [03/Sep/2009:14:41:53 -0700] "GET /i/myu-small.png HTTP/1.1" 200 106282 "http://technomancy.us/" "Mozilla/5.0 (Macintosh; U; PPC Mac OS X 10_5_7; en-us) AppleWebKit/530.18 (KHTML, like Gecko) Version/4.0.1 Safari/530.18" 
88.109.77.73 - - [03/Sep/2009:14:41:55 -0700] "GET /favicon.ico HTTP/1.1" 200 22659 "http://technomancy.us/" "Mozilla/5.0 (Macintosh; U; PPC Mac OS X 10_5_7; en-us) AppleWebKit/530.18 (KHTML, like Gecko) Version/4.0.1 Safari/530.18" 
85.120.71.126 - - [03/Sep/2009:14:42:02 -0700] "GET /resume HTTP/1.1" 200 7623 "-" "Mozilla/4.0 (compatible ; MSIE 6.0; Windows NT 5.1)" 
85.120.71.126 - - [03/Sep/2009:14:42:05 -0700] "GET /colophon HTTP/1.1" 200 2221 "-" "Mozilla/4.0 (compatible ; MSIE 6.0; Windows NT 5.1)" 
96.11.231.210 - - [03/Sep/2009:14:42:11 -0700] "GET /favicon.ico HTTP/1.0" 200 22623 "-" "Safari5525.20.1 CFNetwork/422.11 Darwin/9.5.0 (i386) (Latitude%20D600%20)" 
96.26.232.193 - - [03/Sep/2009:14:42:12 -0700] "POST /comment.cgi HTTP/1.1" 500 631 "http://technomancy.us/" "Mozilla/5.0 (X11; U; Linux i686; en-US; rv:1.9.1.2) Gecko/20090803" 
96.26.232.193 - - [03/Sep/2009:14:42:33 -0700] "POST /comment.cgi HTTP/1.1" 500 631 "http://technomancy.us/" "Mozilla/5.0 (X11; U; Linux i686; en-US; rv:1.9.1.2) Gecko/20090803" 
85.120.71.126 - - [03/Sep/2009:14:42:43 -0700] "GET /projects HTTP/1.1" 200 9133 "-" "Mozilla/4.0 (compatible ; MSIE 6.0; Windows NT 5.1)" 
76.166.213.108 - - [03/Sep/2009:14:42:44 -0700] "GET /favicon.ico HTTP/1.0" 200 22623 "-" "Safari5531.9 CFNetwork/438.14 Darwin/9.8.0 (i386) (iMac9%2C1)" 
96.26.232.193 - - [03/Sep/2009:14:42:44 -0700] "POST /comment.cgi HTTP/1.1" 500 631 "http://technomancy.us/" "Mozilla/5.0 (X11; U; Linux i686; en-US; rv:1.9.1.2) Gecko/20090803" 
77.24.32.163 - - [03/Sep/2009:14:43:22 -0700] "GET /feed/atom.xml HTTP/1.1" 304 170 "-" "NetNewsWire/3.2b24 (Mac OS X; http://www.newsgator.com/Individuals/NetNewsWire/)" 
96.26.232.193 - - [03/Sep/2009:14:43:33 -0700] "POST /comment.cgi HTTP/1.1" 500 631 "http://technomancy.us/" "Mozilla/5.0 (X11; U; Linux i686; en-US; rv:1.9.1.2) Gecko/20090803" 
67.18.89.133 - - [03/Sep/2009:14:43:53 -0700] "GET /blog/rss HTTP/1.1" 404 512 "-" "FeedTools/0.2.29 +http://www.sporkmonger.com/projects/feedtools/" 
64.78.155.100 - - [03/Sep/2009:14:44:17 -0700] "GET /feed/atom.xml HTTP/1.1" 304 133 "-" "NewsGatorOnline/2.0 (http://www.newsgator.com; 44 subscribers)" 
88.109.77.73 - - [03/Sep/2009:14:44:37 -0700] "GET /128 HTTP/1.1" 200 3108 "http://technomancy.us/" "Mozilla/5.0 (Macintosh; U; PPC Mac OS X 10_5_7; en-us) AppleWebKit/530.18 (KHTML, like Gecko) Version/4.0.1 Safari/530.18" 
88.109.77.73 - - [03/Sep/2009:14:44:45 -0700] "GET /127 HTTP/1.1" 200 4032 "http://technomancy.us/128" "Mozilla/5.0 (Macintosh; U; PPC Mac OS X 10_5_7; en-us) AppleWebKit/530.18 (KHTML, like Gecko) Version/4.0.1 Safari/530.18" 
96.26.232.193 - - [03/Sep/2009:14:44:58 -0700] "POST /comment.cgi HTTP/1.1" 500 631 "http://technomancy.us/" "Mozilla/5.0 (X11; U; Linux i686; en-US; rv:1.9.1.2) Gecko/20090803" 
206.212.254.2 - - [03/Sep/2009:14:45:14 -0700] "GET /feed/atom HTTP/1.1" 304 187 "-" "Planet Emacsen +http://planet.emacsen.org/ Planet/2.0 +http://www.planetplanet.org UniversalFeedParser/4.1 +http://feedparser.org/" 
220.233.27.202 - - [03/Sep/2009:14:46:00 -0700] "GET /favicon.ico HTTP/1.0" 200 22623 "-" "Safari5530.19 CFNetwork/438.12 Darwin/9.7.0 (i386) (MacBookPro5%2C1)" 
152.216.11.5 - - [03/Sep/2009:14:46:02 -0700] "GET /i/chu-small.png HTTP/1.1" 304 169 "-" "Mozilla/4.0 (compatible;)" 
152.216.11.5 - - [03/Sep/2009:14:46:12 -0700] "GET /i/myu-small.png HTTP/1.1" 304 170 "-" "Mozilla/4.0 (compatible;)" 
64.22.124.85 - - [03/Sep/2009:14:46:20 -0700] "GET /feed/atom HTTP/1.0" 200 82482 "-" "Fever/1.08 (Feed Parser; http://feedafever.com; Allow like Gecko)" 
96.26.232.193 - - [03/Sep/2009:14:47:33 -0700] "POST /comment.cgi HTTP/1.1" 301 379 "http://technomancy.us/" "Mozilla/5.0 (X11; U; Linux i686; en-US; rv:1.9.1.2) Gecko/20090803" 
85.179.214.7 - - [03/Sep/2009:14:47:38 -0700] "GET / HTTP/1.1" 200 3047 "http://github.com/technomancy" "Mozilla/5.0 (Macintosh; U; Intel Mac OS X 10_5_8; de-de) AppleWebKit/531.9 (KHTML, like Gecko) Version/4.0.3 Safari/531.9" 
85.179.214.7 - - [03/Sep/2009:14:47:38 -0700] "GET /style.css HTTP/1.1" 200 2884 "http://technomancy.us/" "Mozilla/5.0 (Macintosh; U; Intel Mac OS X 10_5_8; de-de) AppleWebKit/531.9 (KHTML, like Gecko) Version/4.0.3 Safari/531.9" 
85.179.214.7 - - [03/Sep/2009:14:47:38 -0700] "GET /jquery.js HTTP/1.1" 200 56062 "http://technomancy.us/" "Mozilla/5.0 (Macintosh; U; Intel Mac OS X 10_5_8; de-de) AppleWebKit/531.9 (KHTML, like Gecko) Version/4.0.3 Safari/531.9" 
85.179.214.7 - - [03/Sep/2009:14:47:39 -0700] "GET /i/technomancy.png HTTP/1.1" 200 16923 "http://technomancy.us/" "Mozilla/5.0 (Macintosh; U; Intel Mac OS X 10_5_8; de-de) AppleWebKit/531.9 (KHTML, like Gecko) Version/4.0.3 Safari/531.9" 
85.179.214.7 - - [03/Sep/2009:14:47:39 -0700] "GET /i/chu-small.png HTTP/1.1" 200 38674 "http://technomancy.us/" "Mozilla/5.0 (Macintosh; U; Intel Mac OS X 10_5_8; de-de) AppleWebKit/531.9 (KHTML, like Gecko) Version/4.0.3 Safari/531.9" 
85.179.214.7 - - [03/Sep/2009:14:47:39 -0700] "GET /i/myu-small.png HTTP/1.1" 200 106281 "http://technomancy.us/" "Mozilla/5.0 (Macintosh; U; Intel Mac OS X 10_5_8; de-de) AppleWebKit/531.9 (KHTML, like Gecko) Version/4.0.3 Safari/531.9" 
85.179.214.7 - - [03/Sep/2009:14:47:41 -0700] "GET /favicon.ico HTTP/1.1" 200 22659 "http://technomancy.us/" "Mozilla/5.0 (Macintosh; U; Intel Mac OS X 10_5_8; de-de) AppleWebKit/531.9 (KHTML, like Gecko) Version/4.0.3 Safari/531.9" 
65.190.139.141 - - [03/Sep/2009:14:48:24 -0700] "GET /feed/atom HTTP/1.1" 304 168 "-" "Mars" 
77.24.32.163 - - [03/Sep/2009:14:48:27 -0700] "GET /feed/atom.xml HTTP/1.1" 304 170 "-" "NetNewsWire/3.2b24 (Mac OS X; http://www.newsgator.com/Individuals/NetNewsWire/)" 
65.55.232.12 - - [03/Sep/2009:14:48:30 -0700] "GET /robots.txt HTTP/1.1" 200 326 "-" "msnbot/1.1 (+http://search.msn.com/msnbot.htm)" 
65.55.232.12 - - [03/Sep/2009:14:48:31 -0700] "GET /126 HTTP/1.1" 304 186 "-" "msnbot/1.1 (+http://search.msn.com/msnbot.htm)" 
173.45.232.26 - - [03/Sep/2009:14:48:32 -0700] "GET /feed/atom.xml HTTP/1.1" 200 82415 "-" "FeedTools/0.2.29 +http://www.sporkmonger.com/projects/feedtools/" 
96.26.232.193 - - [03/Sep/2009:14:49:09 -0700] "POST /comment.cgi HTTP/1.1" 301 419 "http://technomancy.us/128" "Mozilla/5.0 (X11; U; Linux i686; en-US; rv:1.9.1.2) Gecko/20090803" 
96.26.232.193 - - [03/Sep/2009:14:49:22 -0700] "GET /128 HTTP/1.1" 200 3108 "http://technomancy.us/128" "Mozilla/5.0 (X11; U; Linux i686; en-US; rv:1.9.1.2) Gecko/20090803" 
96.26.232.193 - - [03/Sep/2009:14:49:22 -0700] "GET /style.css HTTP/1.1" 304 167 "http://technomancy.us/128" "Mozilla/5.0 (X11; U; Linux i686; en-US; rv:1.9.1.2) Gecko/20090803" 
96.26.232.193 - - [03/Sep/2009:14:49:23 -0700] "GET /jquery.js HTTP/1.1" 304 169 "http://technomancy.us/128" "Mozilla/5.0 (X11; U; Linux i686; en-US; rv:1.9.1.2) Gecko/20090803" 
96.26.232.193 - - [03/Sep/2009:14:49:23 -0700] "GET /i/technomancy.png HTTP/1.1" 304 167 "http://technomancy.us/128" "Mozilla/5.0 (X11; U; Linux i686; en-US; rv:1.9.1.2) Gecko/20090803" 
96.26.232.193 - - [03/Sep/2009:14:49:23 -0700] "GET /i/chu-small.png HTTP/1.1" 304 168 "http://technomancy.us/128" "Mozilla/5.0 (X11; U; Linux i686; en-US; rv:1.9.1.2) Gecko/20090803" 
96.26.232.193 - - [03/Sep/2009:14:49:23 -0700] "GET /i/myu-small.png HTTP/1.1" 304 170 "http://technomancy.us/128" "Mozilla/5.0 (X11; U; Linux i686; en-US; rv:1.9.1.2) Gecko/20090803" 
96.26.232.193 - - [03/Sep/2009:14:49:24 -0700] "GET /128 HTTP/1.1" 304 222 "http://technomancy.us/128" "Mozilla/5.0 (X11; U; Linux i686; en-US; rv:1.9.1.2) Gecko/20090803" 
96.26.232.193 - - [03/Sep/2009:14:49:24 -0700] "GET /style.css HTTP/1.1" 304 167 "http://technomancy.us/128" "Mozilla/5.0 (X11; U; Linux i686; en-US; rv:1.9.1.2) Gecko/20090803" 
96.26.232.193 - - [03/Sep/2009:14:49:24 -0700] "GET /jquery.js HTTP/1.1" 304 168 "http://technomancy.us/128" "Mozilla/5.0 (X11; U; Linux i686; en-US; rv:1.9.1.2) Gecko/20090803" 
96.26.232.193 - - [03/Sep/2009:14:49:24 -0700] "GET /i/technomancy.png HTTP/1.1" 304 167 "http://technomancy.us/128" "Mozilla/5.0 (X11; U; Linux i686; en-US; rv:1.9.1.2) Gecko/20090803" 
96.26.232.193 - - [03/Sep/2009:14:49:24 -0700] "GET /i/myu-small.png HTTP/1.1" 304 169 "http://technomancy.us/128" "Mozilla/5.0 (X11; U; Linux i686; en-US; rv:1.9.1.2) Gecko/20090803" 
96.26.232.193 - - [03/Sep/2009:14:49:24 -0700] "GET /i/chu-small.png HTTP/1.1" 304 168 "http://technomancy.us/128" "Mozilla/5.0 (X11; U; Linux i686; en-US; rv:1.9.1.2) Gecko/20090803" 
96.26.232.193 - - [03/Sep/2009:14:49:28 -0700] "GET /128 HTTP/1.1" 304 223 "-" "Mozilla/5.0 (X11; U; Linux i686; en-US; rv:1.9.1.2) Gecko/20090803" 
96.26.232.193 - - [03/Sep/2009:14:49:28 -0700] "GET /style.css HTTP/1.1" 304 167 "http://technomancy.us/128" "Mozilla/5.0 (X11; U; Linux i686; en-US; rv:1.9.1.2) Gecko/20090803" 
96.26.232.193 - - [03/Sep/2009:14:49:28 -0700] "GET /jquery.js HTTP/1.1" 304 169 "http://technomancy.us/128" "Mozilla/5.0 (X11; U; Linux i686; en-US; rv:1.9.1.2) Gecko/20090803" 
96.26.232.193 - - [03/Sep/2009:14:49:29 -0700] "GET /i/technomancy.png HTTP/1.1" 304 167 "http://technomancy.us/128" "Mozilla/5.0 (X11; U; Linux i686; en-US; rv:1.9.1.2) Gecko/20090803" 
96.26.232.193 - - [03/Sep/2009:14:49:29 -0700] "GET /i/chu-small.png HTTP/1.1" 304 168 "http://technomancy.us/128" "Mozilla/5.0 (X11; U; Linux i686; en-US; rv:1.9.1.2) Gecko/20090803" 
96.26.232.193 - - [03/Sep/2009:14:49:29 -0700] "GET /i/myu-small.png HTTP/1.1" 304 170 "http://technomancy.us/128" "Mozilla/5.0 (X11; U; Linux i686; en-US; rv:1.9.1.2) Gecko/20090803" 
96.26.232.193 - - [03/Sep/2009:14:49:53 -0700] "GET /128 HTTP/1.1" 200 3206 "-" "Mozilla/5.0 (X11; U; Linux i686; en-US; rv:1.9.1.2) Gecko/20090803" 
96.26.232.193 - - [03/Sep/2009:14:49:53 -0700] "GET /style.css HTTP/1.1" 304 167 "http://technomancy.us/128" "Mozilla/5.0 (X11; U; Linux i686; en-US; rv:1.9.1.2) Gecko/20090803" 
96.26.232.193 - - [03/Sep/2009:14:49:54 -0700] "GET /jquery.js HTTP/1.1" 304 169 "http://technomancy.us/128" "Mozilla/5.0 (X11; U; Linux i686; en-US; rv:1.9.1.2) Gecko/20090803" 
96.26.232.193 - - [03/Sep/2009:14:49:54 -0700] "GET /i/technomancy.png HTTP/1.1" 304 167 "http://technomancy.us/128" "Mozilla/5.0 (X11; U; Linux i686; en-US; rv:1.9.1.2) Gecko/20090803" 
96.26.232.193 - - [03/Sep/2009:14:49:54 -0700] "GET /i/chu-small.png HTTP/1.1" 304 168 "http://technomancy.us/128" "Mozilla/5.0 (X11; U; Linux i686; en-US; rv:1.9.1.2) Gecko/20090803" 
96.26.232.193 - - [03/Sep/2009:14:49:54 -0700] "GET /i/myu-small.png HTTP/1.1" 304 170 "http://technomancy.us/128" "Mozilla/5.0 (X11; U; Linux i686; en-US; rv:1.9.1.2) Gecko/20090803" 
65.55.106.209 - - [03/Sep/2009:14:51:17 -0700] "GET /robots.txt HTTP/1.1" 200 319 "-" "msnbot/2.0b (+http://search.msn.com/msnbot.htm)" 
64.78.155.100 - - [03/Sep/2009:14:52:01 -0700] "GET /feed/atom HTTP/1.1" 200 82482 "-" "NewsGatorOnline/2.0 (http://www.newsgator.com; 27 subscribers)" 
81.57.78.97 - - [03/Sep/2009:14:52:08 -0700] "GET /i/chu-small.png HTTP/1.1" 200 38675 "http://planet.emacsen.org/" "Mozilla/5.0 (X11; U; Linux i686; en-US; rv:1.9.0.11) Gecko/2009060214 Firefox/3.0.11" 
81.57.78.97 - - [03/Sep/2009:14:52:08 -0700] "GET /i/myu-small.png HTTP/1.1" 200 106282 "http://planet.emacsen.org/" "Mozilla/5.0 (X11; U; Linux i686; en-US; rv:1.9.0.11) Gecko/2009060214 Firefox/3.0.11" 
78.90.23.60 - - [03/Sep/2009:14:52:20 -0700] "GET / HTTP/1.1" 200 3146 "-" "Mozilla/5.0 (Windows; U; Windows NT 5.1; en-US) AppleWebKit/530.5 (KHTML, like Gecko) Chrome/2.0.172.43 Safari/530.5" 
78.90.23.60 - - [03/Sep/2009:14:52:20 -0700] "GET /style.css HTTP/1.1" 200 2883 "http://technomancy.us/" "Mozilla/5.0 (Windows; U; Windows NT 5.1; en-US) AppleWebKit/530.5 (KHTML, like Gecko) Chrome/2.0.172.43 Safari/530.5" 
78.90.23.60 - - [03/Sep/2009:14:52:20 -0700] "GET /jquery.js HTTP/1.1" 200 56062 "http://technomancy.us/" "Mozilla/5.0 (Windows; U; Windows NT 5.1; en-US) AppleWebKit/530.5 (KHTML, like Gecko) Chrome/2.0.172.43 Safari/530.5" 
78.90.23.60 - - [03/Sep/2009:14:52:22 -0700] "GET /i/technomancy.png HTTP/1.1" 200 16923 "http://technomancy.us/" "Mozilla/5.0 (Windows; U; Windows NT 5.1; en-US) AppleWebKit/530.5 (KHTML, like Gecko) Chrome/2.0.172.43 Safari/530.5" 
78.90.23.60 - - [03/Sep/2009:14:52:22 -0700] "GET /i/chu-small.png HTTP/1.1" 200 38674 "http://technomancy.us/" "Mozilla/5.0 (Windows; U; Windows NT 5.1; en-US) AppleWebKit/530.5 (KHTML, like Gecko) Chrome/2.0.172.43 Safari/530.5" 
78.90.23.60 - - [03/Sep/2009:14:52:22 -0700] "GET /i/myu-small.png HTTP/1.1" 200 106282 "http://technomancy.us/" "Mozilla/5.0 (Windows; U; Windows NT 5.1; en-US) AppleWebKit/530.5 (KHTML, like Gecko) Chrome/2.0.172.43 Safari/530.5" 
78.90.23.60 - - [03/Sep/2009:14:52:24 -0700] "GET /favicon.ico HTTP/1.1" 200 22659 "-" "Mozilla/5.0 (Windows; U; Windows NT 5.1; en-US) AppleWebKit/530.5 (KHTML, like Gecko) Chrome/2.0.172.43 Safari/530.5" 
78.90.23.60 - - [03/Sep/2009:14:52:28 -0700] "GET /list HTTP/1.1" 200 4176 "http://technomancy.us/" "Mozilla/5.0 (Windows; U; Windows NT 5.1; en-US) AppleWebKit/530.5 (KHTML, like Gecko) Chrome/2.0.172.43 Safari/530.5" 
78.90.23.60 - - [03/Sep/2009:14:52:38 -0700] "GET /projects HTTP/1.1" 200 3323 "http://technomancy.us/list" "Mozilla/5.0 (Windows; U; Windows NT 5.1; en-US) AppleWebKit/530.5 (KHTML, like Gecko) Chrome/2.0.172.43 Safari/530.5" 
188.40.34.137 - - [03/Sep/2009:14:52:38 -0700] "GET /feed/atom HTTP/1.1" 200 82463 "-" "Mozilla/5.0 (compatible; Rivva; http://rivva.de)" 
78.90.23.60 - - [03/Sep/2009:14:52:39 -0700] "GET /colophon HTTP/1.1" 200 1337 "http://technomancy.us/list" "Mozilla/5.0 (Windows; U; Windows NT 5.1; en-US) AppleWebKit/530.5 (KHTML, like Gecko) Chrome/2.0.172.43 Safari/530.5" 
78.90.23.60 - - [03/Sep/2009:14:52:39 -0700] "GET /resume HTTP/1.1" 200 3005 "http://technomancy.us/list" "Mozilla/5.0 (Windows; U; Windows NT 5.1; en-US) AppleWebKit/530.5 (KHTML, like Gecko) Chrome/2.0.172.43 Safari/530.5" 
78.90.23.60 - - [03/Sep/2009:14:52:39 -0700] "GET /i/headshot.jpg HTTP/1.1" 200 20773 "http://technomancy.us/colophon" "Mozilla/5.0 (Windows; U; Windows NT 5.1; en-US) AppleWebKit/530.5 (KHTML, like Gecko) Chrome/2.0.172.43 Safari/530.5" 
78.90.23.60 - - [03/Sep/2009:14:53:58 -0700] "GET /static/i/phil.png HTTP/1.1" 200 11682 "http://www.emacswiki.org/cgi-bin/wiki/PhilHagelberg" "Mozilla/5.0 (Windows; U; Windows NT 5.1; en-US) AppleWebKit/530.5 (KHTML, like Gecko) Chrome/2.0.172.43 Safari/530.5" 
209.85.238.76 - - [03/Sep/2009:14:54:11 -0700] "GET /feed/atom.xml HTTP/1.1" 200 82452 "-" "Feedfetcher-Google; (+http://www.google.com/feedfetcher.html; 104 subscribers; feed-id=11866297304218009555)" 
118.208.160.52 - - [03/Sep/2009:14:54:57 -0700] "GET /126 HTTP/1.1" 200 9831 "-" "Mozilla/5.0 (X11; U; Linux i686; en-US; rv:1.9.1.2) Gecko/20090803 Ubuntu/9.04 (jaunty) Shiretoko/3.5.2" 
118.208.160.52 - - [03/Sep/2009:14:54:58 -0700] "GET /style.css HTTP/1.1" 200 2883 "http://technomancy.us/126" "Mozilla/5.0 (X11; U; Linux i686; en-US; rv:1.9.1.2) Gecko/20090803 Ubuntu/9.04 (jaunty) Shiretoko/3.5.2" 
118.208.160.52 - - [03/Sep/2009:14:54:58 -0700] "GET /jquery.js HTTP/1.1" 200 56061 "http://technomancy.us/126" "Mozilla/5.0 (X11; U; Linux i686; en-US; rv:1.9.1.2) Gecko/20090803 Ubuntu/9.04 (jaunty) Shiretoko/3.5.2" 
118.208.160.52 - - [03/Sep/2009:14:55:16 -0700] "GET /i/technomancy.png HTTP/1.1" 200 16924 "http://technomancy.us/126" "Mozilla/5.0 (X11; U; Linux i686; en-US; rv:1.9.1.2) Gecko/20090803 Ubuntu/9.04 (jaunty) Shiretoko/3.5.2" 
118.208.160.52 - - [03/Sep/2009:14:55:18 -0700] "GET /127 HTTP/1.1" 200 4032 "http://technomancy.us/126" "Mozilla/5.0 (X11; U; Linux i686; en-US; rv:1.9.1.2) Gecko/20090803 Ubuntu/9.04 (jaunty) Shiretoko/3.5.2" 
118.208.160.52 - - [03/Sep/2009:14:55:18 -0700] "GET /favicon.ico HTTP/1.1" 200 22660 "-" "Mozilla/5.0 (X11; U; Linux i686; en-US; rv:1.9.1.2) Gecko/20090803 Ubuntu/9.04 (jaunty) Shiretoko/3.5.2" 
96.11.231.210 - - [03/Sep/2009:14:57:07 -0700] "GET /favicon.ico HTTP/1.0" 200 22623 "-" "Safari5525.20.1 CFNetwork/422.11 Darwin/9.5.0 (i386) (Latitude%20D600%20)" 
75.181.152.101 - - [03/Sep/2009:14:57:21 -0700] "GET /i/myu-small.png HTTP/1.1" 304 170 "-" "Mozilla/5.0 (X11; U; Linux x86_64; en-US; rv:1.9.0.13) Gecko/2009080315 Ubuntu/9.04 (jaunty) Firefox/3.0.13" 
75.181.152.101 - - [03/Sep/2009:14:57:21 -0700] "GET /i/chu-small.png HTTP/1.1" 304 169 "-" "Mozilla/5.0 (X11; U; Linux x86_64; en-US; rv:1.9.0.13) Gecko/2009080315 Ubuntu/9.04 (jaunty) Firefox/3.0.13" 
222.231.15.180 - - [03/Sep/2009:14:57:39 -0700] "GET /feed/atom HTTP/1.1" 200 82463 "-" "HanRSS/1.1 (http://www.hanrss.com; 3 subscribers)" 
76.166.213.108 - - [03/Sep/2009:14:57:42 -0700] "GET /favicon.ico HTTP/1.0" 200 22623 "-" "Safari5531.9 CFNetwork/438.14 Darwin/9.8.0 (i386) (iMac9%2C1)" 
82.133.123.125 - - [03/Sep/2009:14:58:45 -0700] "GET /feed/atom.xml HTTP/1.1" 200 82415 "-" "NetNewsWire/3.1.7 (Mac OS X; http://www.newsgator.com/Individuals/NetNewsWire/)" 
203.104.98.218 - - [03/Sep/2009:14:58:51 -0700] "GET /feed/atom.xml HTTP/1.1" 200 82415 "-" "livedoor FeedFetcher/0.01 (http://reader.livedoor.com/; 1 subscriber)" 
220.181.7.97 - - [03/Sep/2009:14:59:01 -0700] "GET /robots.txt HTTP/1.1" 200 326 "-" "Baiduspider+(+http://www.baidu.com/search/spider.htm)" 
85.247.82.132 - - [03/Sep/2009:14:59:10 -0700] "GET /favicon.ico HTTP/1.0" 200 22623 "-" "Safari5531.9 CFNetwork/438.14 Darwin/9.8.0 (i386) (MacBookPro5%2C1)" 
65.55.106.209 - - [03/Sep/2009:14:59:40 -0700] "GET / HTTP/1.0" 200 6288 "-" "msnbot/2.0b (+http://search.msn.com/msnbot.htm)" 
213.243.172.237 - - [03/Sep/2009:14:59:55 -0700] "GET / HTTP/1.1" 200 3146 "-" "Mozilla/5.0 (Macintosh; U; Intel Mac OS X 10_6; en-us) AppleWebKit/531.9 (KHTML, like Gecko) Version/4.0.3 Safari/531.9" 
213.243.172.237 - - [03/Sep/2009:14:59:55 -0700] "GET /style.css HTTP/1.1" 200 2884 "http://technomancy.us/" "Mozilla/5.0 (Macintosh; U; Intel Mac OS X 10_6; en-us) AppleWebKit/531.9 (KHTML, like Gecko) Version/4.0.3 Safari/531.9" 
213.243.172.237 - - [03/Sep/2009:14:59:55 -0700] "GET /jquery.js HTTP/1.1" 200 56062 "http://technomancy.us/" "Mozilla/5.0 (Macintosh; U; Intel Mac OS X 10_6; en-us) AppleWebKit/531.9 (KHTML, like Gecko) Version/4.0.3 Safari/531.9" 
